Copyright 1986-2022 Xilinx, Inc. All Rights Reserved. Copyright 2022-2024 Advanced Micro Devices, Inc. All Rights Reserved.
---------------------------------------------------------------------------------------------------------------------------------------------
| Tool Version : Vivado v.2024.2 (lin64) Build 5239630 Fri Nov 08 22:34:34 MST 2024
| Date         : Wed Jul 22 07:55:54 2026
| Host         : andy-ThinkPad-P53 running 64-bit Ubuntu 24.04.4 LTS
| Command      : report_control_sets -verbose -file bd_0_wrapper_control_sets_placed.rpt
| Design       : bd_0_wrapper
| Device       : xck26
---------------------------------------------------------------------------------------------------------------------------------------------

Control Set Information

Table of Contents
-----------------
1. Summary
2. Histogram
3. Flip-Flop Distribution
4. Detailed Control Set Information

1. Summary
----------

+----------------------------------------------------------+-------+
|                          Status                          | Count |
+----------------------------------------------------------+-------+
| Total control sets                                       |   181 |
|    Minimum number of control sets                        |   181 |
|    Addition due to synthesis replication                 |     0 |
|    Addition due to physical synthesis replication        |     0 |
| Unused register locations in slices containing registers |   235 |
+----------------------------------------------------------+-------+
* Control sets can be merged at opt_design using control_set_merge or merge_equivalent_drivers
** Run report_qor_suggestions for automated merging and remapping suggestions


2. Histogram
------------

+--------------------+-------+
|       Fanout       | Count |
+--------------------+-------+
| Total control sets |   181 |
| >= 0 to < 4        |    60 |
| >= 4 to < 6        |    16 |
| >= 6 to < 8        |    11 |
| >= 8 to < 10       |     9 |
| >= 10 to < 12      |     3 |
| >= 12 to < 14      |     4 |
| >= 14 to < 16      |     2 |
| >= 16              |    76 |
+--------------------+-------+
* Control sets can be remapped at either synth_design or opt_design


3. Flip-Flop Distribution
-------------------------

+--------------+-----------------------+------------------------+-----------------+--------------+
| Clock Enable | Synchronous Set/Reset | Asynchronous Set/Reset | Total Registers | Total Slices |
+--------------+-----------------------+------------------------+-----------------+--------------+
| No           | No                    | No                     |            1421 |          364 |
| No           | No                    | Yes                    |               0 |            0 |
| No           | Yes                   | No                     |             540 |          169 |
| Yes          | No                    | No                     |            2052 |          589 |
| Yes          | No                    | Yes                    |               0 |            0 |
| Yes          | Yes                   | No                     |             816 |          276 |
+--------------+-----------------------+------------------------+-----------------+--------------+


4. Detailed Control Set Information
-----------------------------------

+--------------+----------------------------------------------------------------------------------------------------------------------------------------------------------+---------------------------------------------------------------------------------------------------------------------------------------------------------------------------------------------------------------------------------------------------------+------------------+----------------+--------------+
| Clock Signal |                                                                       Enable Signal                                                                      |                                                                                                                     Set/Reset Signal                                                                                                                    | Slice Load Count | Bel Load Count | Bels / Slice |
+--------------+----------------------------------------------------------------------------------------------------------------------------------------------------------+---------------------------------------------------------------------------------------------------------------------------------------------------------------------------------------------------------------------------------------------------------+------------------+----------------+--------------+
|  ap_clk      | bd_0_i/hls_inst/inst/ap_CS_fsm_state8                                                                                                                    |                                                                                                                                                                                                                                                         |                1 |              1 |         1.00 |
|  ap_clk      | bd_0_i/hls_inst/inst/rob_is_ecall_U/rob_is_ecall_ce0_local                                                                                               |                                                                                                                                                                                                                                                         |                1 |              1 |         1.00 |
|  ap_clk      | bd_0_i/hls_inst/inst/rob_is_ecall_U/p_0_in__0                                                                                                            |                                                                                                                                                                                                                                                         |                1 |              1 |         1.00 |
|  ap_clk      | bd_0_i/hls_inst/inst/ap_CS_fsm_state5                                                                                                                    |                                                                                                                                                                                                                                                         |                1 |              1 |         1.00 |
|  ap_clk      | bd_0_i/hls_inst/inst/ap_CS_fsm_state3                                                                                                                    |                                                                                                                                                                                                                                                         |                1 |              1 |         1.00 |
|  ap_clk      | bd_0_i/hls_inst/inst/ap_CS_fsm_state2                                                                                                                    |                                                                                                                                                                                                                                                         |                1 |              1 |         1.00 |
|  ap_clk      | bd_0_i/hls_inst/inst/ap_CS_fsm_state14                                                                                                                   |                                                                                                                                                                                                                                                         |                1 |              1 |         1.00 |
|  ap_clk      | bd_0_i/hls_inst/inst/ap_CS_fsm_state12                                                                                                                   |                                                                                                                                                                                                                                                         |                1 |              1 |         1.00 |
|  ap_clk      | bd_0_i/hls_inst/inst/grp_read_operand_fu_5830/ap_NS_fsm[15]                                                                                              | bd_0_i/hls_inst/inst/grp_read_operand_fu_5830/ap_CS_fsm_reg[210]                                                                                                                                                                                        |                1 |              2 |         2.00 |
|  ap_clk      | bd_0_i/hls_inst/inst/br_rs_executing_flag_0_reg_34390                                                                                                    | bd_0_i/hls_inst/inst/br_rs_busy_load_1_reg_342460_out                                                                                                                                                                                                   |                1 |              2 |         2.00 |
|  ap_clk      | bd_0_i/hls_inst/inst/vec_rs_remaining_flag_1_reg_352328_out                                                                                              |                                                                                                                                                                                                                                                         |                1 |              2 |         2.00 |
|  ap_clk      | bd_0_i/hls_inst/inst/vec_rs_remaining0                                                                                                                   | bd_0_i/hls_inst/inst/vec_rs_remaining[1]_i_1_n_2                                                                                                                                                                                                        |                1 |              2 |         2.00 |
|  ap_clk      | bd_0_i/hls_inst/inst/grp_read_operand_fu_5830/ap_NS_fsm[15]                                                                                              | bd_0_i/hls_inst/inst/grp_read_operand_fu_5830/alu_rs_busy_10                                                                                                                                                                                            |                1 |              2 |         2.00 |
|  ap_clk      | bd_0_i/hls_inst/inst/control_s_axi_U/ar_hs                                                                                                               |                                                                                                                                                                                                                                                         |                1 |              2 |         2.00 |
|  ap_clk      | bd_0_i/hls_inst/inst/vec_rs_executing_flag_2_reg_44920                                                                                                   | bd_0_i/hls_inst/inst/vec_rs_executing_flag_2_reg_4492                                                                                                                                                                                                   |                1 |              2 |         2.00 |
|  ap_clk      | bd_0_i/hls_inst/inst/sys_rs_f3[1]_i_1_n_2                                                                                                                |                                                                                                                                                                                                                                                         |                1 |              2 |         2.00 |
|  ap_clk      | bd_0_i/hls_inst/inst/storemerge17_reg_3722                                                                                                               |                                                                                                                                                                                                                                                         |                1 |              2 |         2.00 |
|  ap_clk      | bd_0_i/hls_inst/inst/rob_valid_U/ap_CS_fsm_reg[169]                                                                                                      | bd_0_i/hls_inst/inst/rob_valid_U/SR[0]                                                                                                                                                                                                                  |                1 |              2 |         2.00 |
|  ap_clk      | bd_0_i/hls_inst/inst/md_rs_executing_flag_5_reg_42700                                                                                                    | bd_0_i/hls_inst/inst/ap_CS_fsm_state218                                                                                                                                                                                                                 |                1 |              2 |         2.00 |
|  ap_clk      | bd_0_i/hls_inst/inst/grp_rv32_ooo_tick_Pipeline_VITIS_LOOP_872_10_fu_5860/free_alu_fu_341                                                                | bd_0_i/hls_inst/inst/grp_rv32_ooo_tick_Pipeline_VITIS_LOOP_872_10_fu_5860/flow_control_loop_pipe_sequential_init_U/SS[0]                                                                                                                                |                1 |              2 |         2.00 |
|  ap_clk      | bd_0_i/hls_inst/inst/grp_rv32_ooo_tick_Pipeline_VITIS_LOOP_872_10_fu_5860/fetch_pc_flag_4_reg_52270                                                      | bd_0_i/hls_inst/inst/ap_CS_fsm_state206                                                                                                                                                                                                                 |                2 |              2 |         1.00 |
|  ap_clk      | bd_0_i/hls_inst/inst/control_s_axi_U/waddr                                                                                                               |                                                                                                                                                                                                                                                         |                1 |              2 |         2.00 |
|  ap_clk      | bd_0_i/hls_inst/inst/grp_fpu_compute_fu_5799/ap_CS_fsm_state76                                                                                           |                                                                                                                                                                                                                                                         |                1 |              2 |         2.00 |
|  ap_clk      |                                                                                                                                                          | bd_0_i/hls_inst/inst/md_rs_busy_load_1_reg_32061159_out                                                                                                                                                                                                 |                1 |              2 |         2.00 |
|  ap_clk      | bd_0_i/hls_inst/inst/grp_fpu_compute_fu_5799/ap_CS_fsm_state47                                                                                           |                                                                                                                                                                                                                                                         |                1 |              2 |         2.00 |
|  ap_clk      |                                                                                                                                                          | bd_0_i/hls_inst/inst/grp_rv32_ooo_tick_Pipeline_VITIS_LOOP_579_5_fu_5883/flow_control_loop_pipe_sequential_init_U/fpu_done_preg1                                                                                                                        |                1 |              2 |         2.00 |
|  ap_clk      |                                                                                                                                                          | bd_0_i/hls_inst/inst/fpu_rs_busy_load_1_reg_33111177_out                                                                                                                                                                                                |                1 |              2 |         2.00 |
|  ap_clk      | bd_0_i/hls_inst/inst/alu_rs_executing_1_loc_0_reg_3130[0]_i_2_n_2                                                                                        | bd_0_i/hls_inst/inst/alu_rs_busy_1_load_1_reg_3106                                                                                                                                                                                                      |                1 |              2 |         2.00 |
|  ap_clk      | bd_0_i/hls_inst/inst/alu_rs_executing_0_loc_0_reg_3083[0]_i_2_n_2                                                                                        | bd_0_i/hls_inst/inst/alu_rs_busy_0_load_1_reg_3059                                                                                                                                                                                                      |                1 |              2 |         2.00 |
|  ap_clk      |                                                                                                                                                          | bd_0_i/hls_inst/inst/grp_rv32_ooo_tick_Pipeline_VITIS_LOOP_872_10_fu_5860/ap_CS_fsm_reg[179]                                                                                                                                                            |                2 |              2 |         1.00 |
|  ap_clk      |                                                                                                                                                          | bd_0_i/hls_inst/inst/grp_rv32_ooo_tick_Pipeline_VITIS_LOOP_872_10_fu_5860/flow_control_loop_pipe_sequential_init_U/SS[0]                                                                                                                                |                1 |              2 |         2.00 |
|  ap_clk      |                                                                                                                                                          | bd_0_i/hls_inst/inst/control_s_axi_U/md_done_preg1                                                                                                                                                                                                      |                2 |              2 |         1.00 |
|  ap_clk      | bd_0_i/hls_inst/inst/grp_fpu_compute_fu_5799/ap_CS_fsm_state77                                                                                           |                                                                                                                                                                                                                                                         |                2 |              2 |         1.00 |
|  ap_clk      | bd_0_i/hls_inst/inst/fpu_rs_executing_flag_4_reg_43440                                                                                                   | bd_0_i/hls_inst/inst/ap_NS_fsm1318_out                                                                                                                                                                                                                  |                1 |              2 |         2.00 |
|  ap_clk      | bd_0_i/hls_inst/inst/fpu_rs_executing_flag_3_reg_38850174_out                                                                                            | bd_0_i/hls_inst/inst/fpu_rs_executing_flag_3_reg_3885[0]_i_1_n_2                                                                                                                                                                                        |                1 |              2 |         2.00 |
|  ap_clk      | bd_0_i/hls_inst/inst/grp_fpu_compute_fu_5799/p_120_in                                                                                                    |                                                                                                                                                                                                                                                         |                2 |              2 |         1.00 |
|  ap_clk      | bd_0_i/hls_inst/inst/control_s_axi_U/int_ier10_out                                                                                                       | bd_0_i/hls_inst/inst/grp_fpu_compute_fu_5799/ap_rst_n_0                                                                                                                                                                                                 |                1 |              2 |         2.00 |
|  ap_clk      | bd_0_i/hls_inst/inst/grp_read_operand_fu_5830/alu_rs_s2_tag_0                                                                                            | bd_0_i/hls_inst/inst/grp_read_operand_fu_5830/icmp_ln878_reg_11842_reg[0]                                                                                                                                                                               |                1 |              3 |         3.00 |
|  ap_clk      | bd_0_i/hls_inst/inst/grp_read_operand_fu_5830/alu_rs_busy_10                                                                                             |                                                                                                                                                                                                                                                         |                2 |              3 |         1.50 |
|  ap_clk      | bd_0_i/hls_inst/inst/md_rs_remaining[3]_i_2_n_2                                                                                                          | bd_0_i/hls_inst/inst/md_rs_remaining[1]                                                                                                                                                                                                                 |                1 |              3 |         3.00 |
|  ap_clk      | bd_0_i/hls_inst/inst/grp_read_operand_fp_fu_5845/ap_CS_fsm_reg[191][0]                                                                                   |                                                                                                                                                                                                                                                         |                2 |              3 |         1.50 |
|  ap_clk      | bd_0_i/hls_inst/inst/rob_valid_U/fpu_rs_r4op                                                                                                             | bd_0_i/hls_inst/inst/grp_read_operand_fp_fu_5845/fpu_rs_busy_load_1_reg_3311_reg[0]                                                                                                                                                                     |                1 |              3 |         3.00 |
|  ap_clk      | bd_0_i/hls_inst/inst/rob_value_U/commit_rd_preg1                                                                                                         | bd_0_i/hls_inst/inst/grp_rv32_ooo_tick_Pipeline_VITIS_LOOP_579_5_fu_5883/flow_control_loop_pipe_sequential_init_U/SR[0]                                                                                                                                 |                1 |              3 |         3.00 |
|  ap_clk      | bd_0_i/hls_inst/inst/grp_read_operand_fu_5830/ap_CS_fsm_reg[210]                                                                                         |                                                                                                                                                                                                                                                         |                1 |              3 |         3.00 |
|  ap_clk      | bd_0_i/hls_inst/inst/grp_read_operand_fu_5830/icmp_ln878_reg_11842_reg[0]_0                                                                              | bd_0_i/hls_inst/inst/grp_read_operand_fu_5830/icmp_ln878_reg_11842_reg[0]_1                                                                                                                                                                             |                1 |              3 |         3.00 |
|  ap_clk      | bd_0_i/hls_inst/inst/grp_read_operand_fu_5830/ap_NS_fsm[21]                                                                                              |                                                                                                                                                                                                                                                         |                1 |              3 |         3.00 |
|  ap_clk      | bd_0_i/hls_inst/inst/grp_read_operand_fu_5830/ap_NS_fsm[19]                                                                                              |                                                                                                                                                                                                                                                         |                1 |              3 |         3.00 |
|  ap_clk      | bd_0_i/hls_inst/inst/grp_read_operand_fu_5830/ap_NS_fsm[9]                                                                                               |                                                                                                                                                                                                                                                         |                1 |              3 |         3.00 |
|  ap_clk      | bd_0_i/hls_inst/inst/grp_read_operand_fp_fu_5845/ap_CS_fsm_reg[193]_0[0]                                                                                 |                                                                                                                                                                                                                                                         |                2 |              3 |         1.50 |
|  ap_clk      | bd_0_i/hls_inst/inst/grp_read_operand_fp_fu_5845/ap_NS_fsm[8]                                                                                            | bd_0_i/hls_inst/inst/ap_CS_fsm_state194                                                                                                                                                                                                                 |                1 |              3 |         3.00 |
|  ap_clk      | bd_0_i/hls_inst/inst/ap_CS_fsm_state206                                                                                                                  | bd_0_i/hls_inst/inst/grp_rv32_ooo_tick_Pipeline_VITIS_LOOP_579_5_fu_5883/flow_control_loop_pipe_sequential_init_U/ap_CS_fsm_reg[205][0]                                                                                                                 |                1 |              3 |         3.00 |
|  ap_clk      | bd_0_i/hls_inst/inst/ap_CS_fsm_state204                                                                                                                  |                                                                                                                                                                                                                                                         |                1 |              3 |         3.00 |
|  ap_clk      | bd_0_i/hls_inst/inst/ap_CS_fsm_state189                                                                                                                  |                                                                                                                                                                                                                                                         |                1 |              3 |         3.00 |
|  ap_clk      | bd_0_i/hls_inst/inst/ap_CS_fsm_state182                                                                                                                  |                                                                                                                                                                                                                                                         |                1 |              3 |         3.00 |
|  ap_clk      | bd_0_i/hls_inst/inst/ap_CS_fsm_state164                                                                                                                  |                                                                                                                                                                                                                                                         |                1 |              3 |         3.00 |
|  ap_clk      | bd_0_i/hls_inst/inst/grp_read_operand_fu_5830/ap_CS_fsm_reg[180][0]                                                                                      | bd_0_i/hls_inst/inst/storemerge6_reg_3742[2]_i_1_n_2                                                                                                                                                                                                    |                1 |              3 |         3.00 |
|  ap_clk      | bd_0_i/hls_inst/inst/ap_CS_fsm_state158                                                                                                                  |                                                                                                                                                                                                                                                         |                1 |              3 |         3.00 |
|  ap_clk      | bd_0_i/hls_inst/inst/grp_fpu_compute_fu_5799/ap_CS_fsm_state18                                                                                           |                                                                                                                                                                                                                                                         |                1 |              3 |         3.00 |
|  ap_clk      | bd_0_i/hls_inst/inst/grp_read_operand_fu_5830/ap_NS_fsm[3]                                                                                               |                                                                                                                                                                                                                                                         |                1 |              3 |         3.00 |
|  ap_clk      | bd_0_i/hls_inst/inst/grp_read_operand_fu_5830/ap_NS_fsm[13]                                                                                              |                                                                                                                                                                                                                                                         |                1 |              3 |         3.00 |
|  ap_clk      | bd_0_i/hls_inst/inst/grp_rv32_ooo_tick_Pipeline_VITIS_LOOP_1129_11_fu_5869/flow_control_loop_pipe_sequential_init_U/E[0]                                 |                                                                                                                                                                                                                                                         |                1 |              4 |         4.00 |
|  ap_clk      | bd_0_i/hls_inst/inst/ap_CS_fsm_state167                                                                                                                  |                                                                                                                                                                                                                                                         |                4 |              4 |         1.00 |
|  ap_clk      | bd_0_i/hls_inst/inst/fpu_rs_remaining0                                                                                                                   |                                                                                                                                                                                                                                                         |                2 |              4 |         2.00 |
|  ap_clk      | bd_0_i/hls_inst/inst/md_rs_busy_load_1_reg_32061159_out                                                                                                  | bd_0_i/hls_inst/inst/md_rs_remaining_new_2_reg_3280                                                                                                                                                                                                     |                2 |              4 |         2.00 |
|  ap_clk      | bd_0_i/hls_inst/inst/fpu_rs_busy_load_1_reg_33111177_out                                                                                                 | bd_0_i/hls_inst/inst/fpu_rs_remaining_new_2_reg_3385                                                                                                                                                                                                    |                1 |              4 |         4.00 |
|  ap_clk      | bd_0_i/hls_inst/inst/br_rs_executing_flag_4_reg_44180                                                                                                    | bd_0_i/hls_inst/inst/ap_CS_fsm_state189                                                                                                                                                                                                                 |                3 |              4 |         1.33 |
|  ap_clk      | bd_0_i/hls_inst/inst/control_s_axi_U/ar_hs                                                                                                               | bd_0_i/hls_inst/inst/control_s_axi_U/rdata[9]_i_1_n_2                                                                                                                                                                                                   |                1 |              4 |         4.00 |
|  ap_clk      | bd_0_i/hls_inst/inst/grp_read_operand_fu_5830/ap_CS_fsm_reg[1]_0[1]                                                                                      |                                                                                                                                                                                                                                                         |                2 |              4 |         2.00 |
|  ap_clk      | bd_0_i/hls_inst/inst/grp_read_operand_fp_fu_5845/Q[1]                                                                                                    |                                                                                                                                                                                                                                                         |                2 |              4 |         2.00 |
|  ap_clk      | bd_0_i/hls_inst/inst/grp_read_operand_fu_5830/icmp_ln881_reg_11846_reg[0]_1                                                                              |                                                                                                                                                                                                                                                         |                3 |              5 |         1.67 |
|  ap_clk      | bd_0_i/hls_inst/inst/grp_read_operand_fu_5830/ap_NS_fsm[1]                                                                                               |                                                                                                                                                                                                                                                         |                3 |              5 |         1.67 |
|  ap_clk      | bd_0_i/hls_inst/inst/ap_CS_fsm_state176                                                                                                                  |                                                                                                                                                                                                                                                         |                4 |              5 |         1.25 |
|  ap_clk      | bd_0_i/hls_inst/inst/ap_CS_fsm_state198                                                                                                                  |                                                                                                                                                                                                                                                         |                3 |              5 |         1.67 |
|  ap_clk      | bd_0_i/hls_inst/inst/p_0_0_01797184_reg_3913[4]_i_2_n_2                                                                                                  | bd_0_i/hls_inst/inst/p_0_0_01797184_reg_3913[4]_i_1_n_2                                                                                                                                                                                                 |                3 |              5 |         1.67 |
|  ap_clk      |                                                                                                                                                          | bd_0_i/hls_inst/inst/grp_fpu_compute_fu_5799/fcmp_32ns_32ns_1_2_no_dsp_1_U61/din1_buf1[30]_i_1__0_n_2                                                                                                                                                   |                1 |              5 |         5.00 |
|  ap_clk      | bd_0_i/hls_inst/inst/grp_read_operand_fu_5830/icmp_ln881_reg_11846_reg[0]_0                                                                              |                                                                                                                                                                                                                                                         |                3 |              5 |         1.67 |
|  ap_clk      | bd_0_i/hls_inst/inst/grp_rv32_ooo_tick_Pipeline_VITIS_LOOP_872_10_fu_5860/free_alu_fu_34_reg[0]_0[0]                                                     |                                                                                                                                                                                                                                                         |                4 |              6 |         1.50 |
|  ap_clk      | bd_0_i/hls_inst/inst/grp_read_operand_fu_5830/lsu_rs_busy_load_1_reg_3495_reg[0][0]                                                                      |                                                                                                                                                                                                                                                         |                4 |              6 |         1.50 |
|  ap_clk      | bd_0_i/hls_inst/inst/ap_CS_fsm_state13                                                                                                                   |                                                                                                                                                                                                                                                         |                5 |              6 |         1.20 |
|  ap_clk      | bd_0_i/hls_inst/inst/rob_dest_U/rob_valid_address0_local1638_out                                                                                         |                                                                                                                                                                                                                                                         |                4 |              6 |         1.50 |
|  ap_clk      | bd_0_i/hls_inst/inst/grp_rv32_ooo_tick_Pipeline_VITIS_LOOP_872_10_fu_5860/free_alu_fu_34_reg[31]_1[0]                                                    |                                                                                                                                                                                                                                                         |                3 |              6 |         2.00 |
|  ap_clk      |                                                                                                                                                          | bd_0_i/hls_inst/inst/grp_rv32_ooo_tick_Pipeline_VITIS_LOOP_1129_11_fu_5869/flow_control_loop_pipe_sequential_init_U/grp_rv32_ooo_tick_Pipeline_VITIS_LOOP_1129_11_fu_5869_ap_start_reg_reg                                                              |                1 |              7 |         7.00 |
|  ap_clk      |                                                                                                                                                          | bd_0_i/hls_inst/inst/grp_rv32_ooo_tick_Pipeline_VITIS_LOOP_579_5_fu_5883/flow_control_loop_pipe_sequential_init_U/grp_rv32_ooo_tick_Pipeline_VITIS_LOOP_579_5_fu_5883_ap_start_reg_reg                                                                  |                1 |              7 |         7.00 |
|  ap_clk      | bd_0_i/hls_inst/inst/grp_read_operand_fu_5830/ap_CS_fsm_reg[2]_0[0]                                                                                      |                                                                                                                                                                                                                                                         |                2 |              7 |         3.50 |
|  ap_clk      | bd_0_i/hls_inst/inst/ap_CS_fsm_state6                                                                                                                    |                                                                                                                                                                                                                                                         |                6 |              7 |         1.17 |
|  ap_clk      | bd_0_i/hls_inst/inst/rob_ready_U/E[0]                                                                                                                    |                                                                                                                                                                                                                                                         |                3 |              7 |         2.33 |
|  ap_clk      | bd_0_i/hls_inst/inst/fpu_rs_f7[6]_i_2_n_2                                                                                                                | bd_0_i/hls_inst/inst/fpu_rs_f7[6]_i_1_n_2                                                                                                                                                                                                               |                1 |              7 |         7.00 |
|  ap_clk      | bd_0_i/hls_inst/inst/grp_rv32_ooo_tick_Pipeline_VITIS_LOOP_575_4_fu_5877/flow_control_loop_pipe_sequential_init_U/E[0]                                   |                                                                                                                                                                                                                                                         |                2 |              8 |         4.00 |
|  ap_clk      | bd_0_i/hls_inst/inst/vec_rs_rob_tag0                                                                                                                     |                                                                                                                                                                                                                                                         |                5 |              8 |         1.60 |
|  ap_clk      | bd_0_i/hls_inst/inst/grp_rv32_ooo_tick_Pipeline_VITIS_LOOP_1129_11_fu_5869/flow_control_loop_pipe_sequential_init_U/i_fu_340                             |                                                                                                                                                                                                                                                         |                2 |              8 |         4.00 |
|  ap_clk      | bd_0_i/hls_inst/inst/grp_rv32_ooo_tick_Pipeline_VITIS_LOOP_579_5_fu_5883/flow_control_loop_pipe_sequential_init_U/i_1_fu_340                             |                                                                                                                                                                                                                                                         |                2 |              8 |         4.00 |
|  ap_clk      | bd_0_i/hls_inst/inst/ap_CS_fsm_state20                                                                                                                   |                                                                                                                                                                                                                                                         |                6 |              8 |         1.33 |
|  ap_clk      |                                                                                                                                                          | bd_0_i/hls_inst/inst/grp_fpu_compute_fu_5799/fsqrt_32ns_32ns_32_8_no_dsp_1_U65/rv32_ooo_tick_fsqrt_32ns_32ns_32_8_no_dsp_1_ip_u/inst/i_synth/SQRT_OP.SPD.OP/i_mant_calc.EXP/state_op[0]                                                                 |                3 |              8 |         2.67 |
|  ap_clk      |                                                                                                                                                          | bd_0_i/hls_inst/inst/grp_fpu_compute_fu_5799/sitofp_32ns_32_4_no_dsp_1_U60/rv32_ooo_tick_sitofp_32ns_32_4_no_dsp_1_ip_u/inst/i_synth/FIX_TO_FLT_OP.SPD.OP/LZE/ZERO_DET_CC_1/dist_over_up_0                                                              |                1 |              8 |         8.00 |
|  ap_clk      | bd_0_i/hls_inst/inst/ap_CS_fsm_state166                                                                                                                  |                                                                                                                                                                                                                                                         |                5 |              9 |         1.80 |
|  ap_clk      | bd_0_i/hls_inst/inst/grp_read_operand_fu_5830/E[0]                                                                                                       |                                                                                                                                                                                                                                                         |                5 |              9 |         1.80 |
|  ap_clk      | bd_0_i/hls_inst/inst/rob_ready_U/ap_NS_fsm[3]                                                                                                            |                                                                                                                                                                                                                                                         |                8 |             10 |         1.25 |
|  ap_clk      | bd_0_i/hls_inst/inst/ap_CS_fsm_state202                                                                                                                  |                                                                                                                                                                                                                                                         |                6 |             11 |         1.83 |
|  ap_clk      | bd_0_i/hls_inst/inst/fpu_rs_f30                                                                                                                          |                                                                                                                                                                                                                                                         |                6 |             11 |         1.83 |
|  ap_clk      | bd_0_i/hls_inst/inst/grp_read_operand_fu_5830/ap_CS_fsm_reg[2]_1                                                                                         |                                                                                                                                                                                                                                                         |                5 |             12 |         2.40 |
|  ap_clk      | bd_0_i/hls_inst/inst/ap_CS_fsm_state1                                                                                                                    |                                                                                                                                                                                                                                                         |                8 |             12 |         1.50 |
|  ap_clk      | bd_0_i/hls_inst/inst/imem_EN_B                                                                                                                           |                                                                                                                                                                                                                                                         |                7 |             12 |         1.71 |
|  ap_clk      | bd_0_i/hls_inst/inst/grp_fpu_compute_fu_5799/mask_table_U/index_table_ce0_local                                                                          | bd_0_i/hls_inst/inst/grp_fpu_compute_fu_5799/mask_table_U/ap_CS_fsm_reg[35]                                                                                                                                                                             |                3 |             13 |         4.33 |
|  ap_clk      | bd_0_i/hls_inst/inst/grp_read_operand_fu_5830/ap_CS_fsm_reg[179]_0[0]                                                                                    |                                                                                                                                                                                                                                                         |                4 |             15 |         3.75 |
|  ap_clk      |                                                                                                                                                          | bd_0_i/hls_inst/inst/grp_fpu_compute_fu_5799/faddfsub_32ns_32ns_32_4_full_dsp_1_U56/rv32_ooo_tick_faddfsub_32ns_32ns_32_4_full_dsp_1_ip_u/inst/i_synth/ADDSUB_OP.ADDSUB/DSP.OP/DSP48E1_BODY.ALIGN_ADD/DSP2/i_no_versal_es1_workaround.DSP/PATTERNDETECT |                4 |             15 |         3.75 |
|  ap_clk      | bd_0_i/hls_inst/inst/ap_CS_fsm_state163                                                                                                                  |                                                                                                                                                                                                                                                         |                7 |             16 |         2.29 |
|  ap_clk      | bd_0_i/hls_inst/inst/ap_CS_fsm_state222                                                                                                                  |                                                                                                                                                                                                                                                         |                4 |             20 |         5.00 |
|  ap_clk      |                                                                                                                                                          | bd_0_i/hls_inst/inst/grp_fpu_compute_fu_5799/fsqrt_32ns_32ns_32_8_no_dsp_1_U65/rv32_ooo_tick_fsqrt_32ns_32ns_32_8_no_dsp_1_ip_u/inst/i_synth/SQRT_OP.SPD.OP/i_mant_calc.EXP/state_op[1]                                                                 |                3 |             22 |         7.33 |
|  ap_clk      |                                                                                                                                                          | bd_0_i/hls_inst/inst/grp_fpu_compute_fu_5799/fmul_32ns_32ns_32_3_max_dsp_1_U57/rv32_ooo_tick_fmul_32ns_32ns_32_3_max_dsp_1_ip_u/inst/i_synth/MULT.OP/i_non_prim.EXP/EXP_ADD.C_CHAIN/CHAIN_GEN[7].C_MUX.CARRY_MUX_0                                      |                7 |             22 |         3.14 |
|  ap_clk      |                                                                                                                                                          | bd_0_i/hls_inst/inst/grp_fpu_compute_fu_5799/sitofp_32ns_32_4_no_dsp_1_U60/rv32_ooo_tick_sitofp_32ns_32_4_no_dsp_1_ip_u/inst/i_synth/FIX_TO_FLT_OP.SPD.OP/LZE/A_Z_DET/i_pipe/opt_has_pipe.first_q_reg[0]_0                                              |                4 |             23 |         5.75 |
|  ap_clk      | bd_0_i/hls_inst/inst/grp_fpu_compute_fu_5799/mask_table_U/index_table_ce0_local                                                                          |                                                                                                                                                                                                                                                         |                7 |             24 |         3.43 |
|  ap_clk      | bd_0_i/hls_inst/inst/rob_valid_U/rob_valid_address0_local4636_out                                                                                        |                                                                                                                                                                                                                                                         |                9 |             25 |         2.78 |
|  ap_clk      |                                                                                                                                                          | bd_0_i/hls_inst/inst/grp_fpu_compute_fu_5799/fcmp_32ns_32ns_1_2_no_dsp_1_U61/din1_buf1[29]_i_1_n_2                                                                                                                                                      |                5 |             25 |         5.00 |
|  ap_clk      |                                                                                                                                                          | bd_0_i/hls_inst/inst/grp_fpu_compute_fu_5799/uitofp_32ns_32_4_no_dsp_1_U59/rv32_ooo_tick_uitofp_32ns_32_4_no_dsp_1_ip_u/inst/i_synth/FIX_TO_FLT_OP.SPD.OP/EXP/ZERO_DELAY/i_pipe/op_state[0]                                                             |                5 |             25 |         5.00 |
|  ap_clk      | bd_0_i/hls_inst/inst/grp_read_operand_fu_5830/ap_NS_fsm[1]                                                                                               | bd_0_i/hls_inst/inst/grp_read_operand_fu_5830/f3_6_reg_11601_reg[0]                                                                                                                                                                                     |               10 |             27 |         2.70 |
|  ap_clk      | bd_0_i/hls_inst/inst/ap_CS_fsm_state10                                                                                                                   |                                                                                                                                                                                                                                                         |               18 |             27 |         1.50 |
|  ap_clk      | bd_0_i/hls_inst/inst/grp_read_operand_fu_5830/icmp_ln881_reg_11846_reg[0]_1                                                                              | bd_0_i/hls_inst/inst/alu_rs_s2_val_1[31]_i_1_n_2                                                                                                                                                                                                        |               13 |             27 |         2.08 |
|  ap_clk      | bd_0_i/hls_inst/inst/grp_read_operand_fu_5830/icmp_ln881_reg_11846_reg[0]_0                                                                              | bd_0_i/hls_inst/inst/alu_rs_s2_val_0[31]_i_1_n_2                                                                                                                                                                                                        |               11 |             27 |         2.45 |
|  ap_clk      | bd_0_i/hls_inst/inst/ap_CS_fsm_state168                                                                                                                  |                                                                                                                                                                                                                                                         |               12 |             27 |         2.25 |
|  ap_clk      | bd_0_i/hls_inst/inst/grp_fpu_compute_fu_5799/ap_CS_fsm_state32                                                                                           | bd_0_i/hls_inst/inst/grp_fpu_compute_fu_5799/dc_7_reg_2142[30]_i_1_n_2                                                                                                                                                                                  |               14 |             31 |         2.21 |
|  ap_clk      | bd_0_i/hls_inst/inst/grp_fpu_compute_fu_5799/ap_CS_fsm_state37                                                                                           | bd_0_i/hls_inst/inst/grp_fpu_compute_fu_5799/xs_exp_1_reg_2178[7]_i_1_n_2                                                                                                                                                                               |               11 |             31 |         2.82 |
|  ap_clk      | bd_0_i/hls_inst/inst/res_24_reg_3165[30]_i_2_n_2                                                                                                         | bd_0_i/hls_inst/inst/res_24_reg_3165[30]_i_1_n_2                                                                                                                                                                                                        |               30 |             31 |         1.03 |
|  ap_clk      | bd_0_i/hls_inst/inst/rob_value_U/ap_NS_fsm[1]                                                                                                            |                                                                                                                                                                                                                                                         |               11 |             31 |         2.82 |
|  ap_clk      | bd_0_i/hls_inst/inst/grp_fpu_compute_fu_5799/ap_CS_fsm_state59                                                                                           |                                                                                                                                                                                                                                                         |                7 |             32 |         4.57 |
|  ap_clk      | bd_0_i/hls_inst/inst/rob_valid_U/ap_CS_fsm_reg[176]_0[0]                                                                                                 | bd_0_i/hls_inst/inst/rob_valid_U/ap_CS_fsm_reg[176]_2[0]                                                                                                                                                                                                |               11 |             32 |         2.91 |
|  ap_clk      | bd_0_i/hls_inst/inst/rob_valid_U/ap_CS_fsm_reg[176][0]                                                                                                   | bd_0_i/hls_inst/inst/rob_valid_U/ap_CS_fsm_reg[176]_1[0]                                                                                                                                                                                                |               14 |             32 |         2.29 |
|  ap_clk      | bd_0_i/hls_inst/inst/srem_32s_32s_32_36_seq_1_U122/rv32_ooo_tick_srem_32s_32s_32_36_seq_1_divseq_u/E[0]                                                  |                                                                                                                                                                                                                                                         |                4 |             32 |         8.00 |
|  ap_clk      | bd_0_i/hls_inst/inst/grp_fpu_compute_fu_5799/reg_4900                                                                                                    |                                                                                                                                                                                                                                                         |               16 |             32 |         2.00 |
|  ap_clk      | bd_0_i/hls_inst/inst/urem_32s_32s_32_36_seq_1_U125/rv32_ooo_tick_urem_32s_32s_32_36_seq_1_divseq_u/E[0]                                                  |                                                                                                                                                                                                                                                         |               14 |             32 |         2.29 |
|  ap_clk      | bd_0_i/hls_inst/inst/rob_value_U/ap_NS_fsm[1]                                                                                                            | bd_0_i/hls_inst/inst/p_0_0_02087_reg_3413                                                                                                                                                                                                               |                5 |             32 |         6.40 |
|  ap_clk      | bd_0_i/hls_inst/inst/udiv_32s_32s_32_36_seq_1_U123/rv32_ooo_tick_udiv_32s_32s_32_36_seq_1_divseq_u/E[0]                                                  |                                                                                                                                                                                                                                                         |               14 |             32 |         2.29 |
|  ap_clk      | bd_0_i/hls_inst/inst/grp_rv32_ooo_tick_Pipeline_VITIS_LOOP_1129_11_fu_5869/flow_control_loop_pipe_sequential_init_U/fetch_pc_flag_5_reg_5636_reg[0][0]   |                                                                                                                                                                                                                                                         |               11 |             32 |         2.91 |
|  ap_clk      | bd_0_i/hls_inst/inst/grp_fpu_compute_fu_5799/ap_CS_fsm_state68                                                                                           |                                                                                                                                                                                                                                                         |               11 |             32 |         2.91 |
|  ap_clk      | bd_0_i/hls_inst/inst/grp_fpu_compute_fu_5799/grp_fpu_compute_fu_5799_ap_ready                                                                            | bd_0_i/hls_inst/inst/grp_fpu_compute_fu_5799/ap_rst_n_0                                                                                                                                                                                                 |               20 |             32 |         1.60 |
|  ap_clk      | bd_0_i/hls_inst/inst/this_pc_reg_3468[7]_i_1_n_2                                                                                                         |                                                                                                                                                                                                                                                         |               14 |             32 |         2.29 |
|  ap_clk      | bd_0_i/hls_inst/inst/sys_rs_s1_val[31]_i_1_n_2                                                                                                           |                                                                                                                                                                                                                                                         |               12 |             32 |         2.67 |
|  ap_clk      | bd_0_i/hls_inst/inst/grp_fpu_compute_fu_5799/fcmp_32ns_32ns_1_2_no_dsp_1_U61/rv32_ooo_tick_fcmp_32ns_32ns_1_2_no_dsp_1_ip_u/E[0]                         |                                                                                                                                                                                                                                                         |               25 |             32 |         1.28 |
|  ap_clk      | bd_0_i/hls_inst/inst/sdiv_32s_32s_32_36_seq_1_U124/rv32_ooo_tick_sdiv_32s_32s_32_36_seq_1_divseq_u/r_stage_reg[32]_0[0]                                  |                                                                                                                                                                                                                                                         |                4 |             32 |         8.00 |
|  ap_clk      | bd_0_i/hls_inst/inst/grp_fpu_compute_fu_5799/reg_4950                                                                                                    |                                                                                                                                                                                                                                                         |                9 |             32 |         3.56 |
|  ap_clk      | bd_0_i/hls_inst/inst/rob_valid_U/sys_rs_csr_addr_reg[0][0]                                                                                               | bd_0_i/hls_inst/inst/rob_valid_U/sys_rs_csr_addr_reg[0]_1[0]                                                                                                                                                                                            |               10 |             32 |         3.20 |
|  ap_clk      | bd_0_i/hls_inst/inst/ap_CS_fsm_state175                                                                                                                  |                                                                                                                                                                                                                                                         |               24 |             32 |         1.33 |
|  ap_clk      | bd_0_i/hls_inst/inst/ap_CS_fsm_state174                                                                                                                  |                                                                                                                                                                                                                                                         |               17 |             32 |         1.88 |
|  ap_clk      | bd_0_i/hls_inst/inst/ap_CS_fsm_state173                                                                                                                  |                                                                                                                                                                                                                                                         |               25 |             32 |         1.28 |
|  ap_clk      | bd_0_i/hls_inst/inst/ap_CS_fsm_state172                                                                                                                  |                                                                                                                                                                                                                                                         |               24 |             32 |         1.33 |
|  ap_clk      | bd_0_i/hls_inst/inst/rob_valid_U/sys_rs_csr_addr_reg[2][0]                                                                                               | bd_0_i/hls_inst/inst/rob_valid_U/sys_rs_csr_addr_reg[2]_0[0]                                                                                                                                                                                            |               13 |             32 |         2.46 |
|  ap_clk      | bd_0_i/hls_inst/inst/rob_valid_U/sys_rs_csr_addr_reg[1]_1[0]                                                                                             | bd_0_i/hls_inst/inst/rob_valid_U/sys_rs_csr_addr_reg[1]_4[0]                                                                                                                                                                                            |               10 |             32 |         3.20 |
|  ap_clk      | bd_0_i/hls_inst/inst/rob_valid_U/sys_rs_csr_addr_reg[1]_0[0]                                                                                             | bd_0_i/hls_inst/inst/rob_valid_U/sys_rs_csr_addr_reg[1]_3[0]                                                                                                                                                                                            |               15 |             32 |         2.13 |
|  ap_clk      | bd_0_i/hls_inst/inst/rob_valid_U/sys_rs_csr_addr_reg[0]_0[0]                                                                                             | bd_0_i/hls_inst/inst/rob_valid_U/sys_rs_csr_addr_reg[0]_2[0]                                                                                                                                                                                            |               10 |             32 |         3.20 |
|  ap_clk      | bd_0_i/hls_inst/inst/rob_valid_U/sys_rs_csr_addr_reg[1][0]                                                                                               | bd_0_i/hls_inst/inst/rob_valid_U/sys_rs_csr_addr_reg[1]_2[0]                                                                                                                                                                                            |               14 |             32 |         2.29 |
|  ap_clk      | bd_0_i/hls_inst/inst/ap_CS_fsm_state159                                                                                                                  |                                                                                                                                                                                                                                                         |               32 |             32 |         1.00 |
|  ap_clk      | bd_0_i/hls_inst/inst/lsu_rs_s2_val[31]_i_1_n_2                                                                                                           |                                                                                                                                                                                                                                                         |               17 |             33 |         1.94 |
|  ap_clk      | bd_0_i/hls_inst/inst/grp_read_operand_fu_5830/alu_rs_busy_0_reg[0]_0[0]                                                                                  |                                                                                                                                                                                                                                                         |               15 |             33 |         2.20 |
|  ap_clk      | bd_0_i/hls_inst/inst/grp_read_operand_fu_5830/CEB2                                                                                                       |                                                                                                                                                                                                                                                         |               21 |             33 |         1.57 |
|  ap_clk      | bd_0_i/hls_inst/inst/grp_read_operand_fu_5830/ap_CS_fsm_reg[184][0]                                                                                      |                                                                                                                                                                                                                                                         |                9 |             33 |         3.67 |
|  ap_clk      | bd_0_i/hls_inst/inst/grp_read_operand_fp_fu_5845/E[0]                                                                                                    |                                                                                                                                                                                                                                                         |               14 |             33 |         2.36 |
|  ap_clk      | bd_0_i/hls_inst/inst/ap_CS_fsm_state16                                                                                                                   |                                                                                                                                                                                                                                                         |               28 |             33 |         1.18 |
|  ap_clk      | bd_0_i/hls_inst/inst/br_rs_s2_val[31]_i_1_n_2                                                                                                            |                                                                                                                                                                                                                                                         |               12 |             33 |         2.75 |
|  ap_clk      | bd_0_i/hls_inst/inst/grp_read_operand_fp_fu_5845/ap_CS_fsm_reg[193][0]                                                                                   |                                                                                                                                                                                                                                                         |               11 |             33 |         3.00 |
|  ap_clk      | bd_0_i/hls_inst/inst/grp_read_operand_fu_5830/CEA2                                                                                                       |                                                                                                                                                                                                                                                         |               12 |             33 |         2.75 |
|  ap_clk      | bd_0_i/hls_inst/inst/grp_read_operand_fp_fu_5845/ap_CS_fsm_reg[198][0]                                                                                   | bd_0_i/hls_inst/inst/ap_CS_fsm_state194                                                                                                                                                                                                                 |               20 |             33 |         1.65 |
|  ap_clk      | bd_0_i/hls_inst/inst/grp_read_operand_fu_5830/alu_rs_busy_1_reg[0]_0[0]                                                                                  |                                                                                                                                                                                                                                                         |               15 |             33 |         2.20 |
|  ap_clk      | bd_0_i/hls_inst/inst/ap_CS_fsm_state177                                                                                                                  |                                                                                                                                                                                                                                                         |               20 |             33 |         1.65 |
|  ap_clk      | bd_0_i/hls_inst/inst/ap_CS_fsm_state18                                                                                                                   |                                                                                                                                                                                                                                                         |               28 |             33 |         1.18 |
|  ap_clk      | bd_0_i/hls_inst/inst/grp_read_operand_fu_5830/br_rs_is_jalr_reg[0][0]                                                                                    | bd_0_i/hls_inst/inst/grp_read_operand_fu_5830/br_rs_imm1                                                                                                                                                                                                |               12 |             36 |         3.00 |
|  ap_clk      | bd_0_i/hls_inst/inst/grp_read_operand_fu_5830/grp_read_operand_fu_5830_ap_ready                                                                          | bd_0_i/hls_inst/inst/grp_fpu_compute_fu_5799/ap_rst_n_0                                                                                                                                                                                                 |               17 |             36 |         2.12 |
|  ap_clk      | bd_0_i/hls_inst/inst/grp_read_operand_fp_fu_5845/grp_read_operand_fp_fu_5845_ap_ready                                                                    | bd_0_i/hls_inst/inst/grp_fpu_compute_fu_5799/ap_rst_n_0                                                                                                                                                                                                 |               17 |             36 |         2.12 |
|  ap_clk      | bd_0_i/hls_inst/inst/grp_read_operand_fp_fu_5845/ap_CS_fsm_reg[0]_0[0]                                                                                   | bd_0_i/hls_inst/inst/storemerge10_reg_38350                                                                                                                                                                                                             |               13 |             36 |         2.77 |
|  ap_clk      | bd_0_i/hls_inst/inst/grp_read_operand_fp_fu_5845/ap_CS_fsm_reg[189][0]                                                                                   |                                                                                                                                                                                                                                                         |               15 |             36 |         2.40 |
|  ap_clk      | bd_0_i/hls_inst/inst/grp_read_operand_fu_5830/or_ln484_1_reg_11736_reg[0]_0[0]                                                                           |                                                                                                                                                                                                                                                         |               19 |             36 |         1.89 |
|  ap_clk      | bd_0_i/hls_inst/inst/grp_read_operand_fu_5830/br_rs_busy_load_1_reg_3424_reg[0][0]                                                                       |                                                                                                                                                                                                                                                         |               21 |             40 |         1.90 |
|  ap_clk      | bd_0_i/hls_inst/inst/p_0_0_01797183_reg_4667                                                                                                             |                                                                                                                                                                                                                                                         |               10 |             41 |         4.10 |
|  ap_clk      | bd_0_i/hls_inst/inst/grp_rv32_ooo_tick_Pipeline_VITIS_LOOP_872_10_fu_5860/ap_CS_fsm_reg[205][0]                                                          |                                                                                                                                                                                                                                                         |               21 |             50 |         2.38 |
|  ap_clk      | bd_0_i/hls_inst/inst/grp_rv32_ooo_tick_Pipeline_VITIS_LOOP_1129_11_fu_5869/flow_control_loop_pipe_sequential_init_U/alu_rs_executing_0_flag_10_reg_54920 | bd_0_i/hls_inst/inst/grp_rv32_ooo_tick_Pipeline_VITIS_LOOP_579_5_fu_5883/flow_control_loop_pipe_sequential_init_U/ap_loop_init_int_reg_0                                                                                                                |               17 |             52 |         3.06 |
|  ap_clk      | bd_0_i/hls_inst/inst/udiv_32s_32s_32_36_seq_1_U123/start0                                                                                                |                                                                                                                                                                                                                                                         |               15 |             64 |         4.27 |
|  ap_clk      | bd_0_i/hls_inst/inst/urem_32s_32s_32_36_seq_1_U125/start0                                                                                                |                                                                                                                                                                                                                                                         |               13 |             64 |         4.92 |
|  ap_clk      | bd_0_i/hls_inst/inst/srem_32s_32s_32_36_seq_1_U122/start0                                                                                                |                                                                                                                                                                                                                                                         |               12 |             65 |         5.42 |
|  ap_clk      | bd_0_i/hls_inst/inst/sdiv_32s_32s_32_36_seq_1_U124/start0                                                                                                |                                                                                                                                                                                                                                                         |               14 |             65 |         4.64 |
|  ap_clk      | bd_0_i/hls_inst/inst/ap_CS_fsm_state180                                                                                                                  |                                                                                                                                                                                                                                                         |               19 |             71 |         3.74 |
|  ap_clk      | bd_0_i/hls_inst/inst/grp_fpu_compute_fu_5799/ap_CS_fsm_state1                                                                                            |                                                                                                                                                                                                                                                         |               53 |            103 |         1.94 |
|  ap_clk      |                                                                                                                                                          | bd_0_i/hls_inst/inst/grp_fpu_compute_fu_5799/ap_rst_n_0                                                                                                                                                                                                 |              128 |            361 |         2.82 |
|  ap_clk      |                                                                                                                                                          |                                                                                                                                                                                                                                                         |              372 |           1472 |         3.96 |
+--------------+----------------------------------------------------------------------------------------------------------------------------------------------------------+---------------------------------------------------------------------------------------------------------------------------------------------------------------------------------------------------------------------------------------------------------+------------------+----------------+--------------+


