

================================================================
== Vitis HLS Report for 'fpu_compute'
================================================================
* Date:           Tue Jul 21 18:18:45 2026

* Version:        2024.2 (Build 5238294 on Nov  8 2024)
* Project:        rv32_ooo_proj
* Solution:       solution1 (Vivado IP Flow Target)
* Product family: zynquplus
* Target device:  xck26-sfvc784-2LV-c


================================================================
== Performance Estimates
================================================================
+ Timing: 
    * Summary: 
    +--------+----------+----------+------------+
    |  Clock |  Target  | Estimated| Uncertainty|
    +--------+----------+----------+------------+
    |ap_clk  |  10.00 ns|  7.360 ns|     2.70 ns|
    +--------+----------+----------+------------+

+ Latency: 
    * Summary: 
    +---------+---------+-----------+-----------+-----+-----+---------+
    |  Latency (cycles) |   Latency (absolute)  |  Interval | Pipeline|
    |   min   |   max   |    min    |    max    | min | max |   Type  |
    +---------+---------+-----------+-----------+-----+-----+---------+
    |        1|        9|  10.000 ns|  90.000 ns|    1|    9|       no|
    +---------+---------+-----------+-----------+-----+-----+---------+

    + Detail: 
        * Instance: 
        N/A

        * Loop: 
        N/A



================================================================
== Utilization Estimates
================================================================
* Summary: 
+-----------------+---------+------+--------+--------+-----+
|       Name      | BRAM_18K|  DSP |   FF   |   LUT  | URAM|
+-----------------+---------+------+--------+--------+-----+
|DSP              |        -|     -|       -|       -|    -|
|Expression       |        -|     -|       0|    2230|    -|
|FIFO             |        -|     -|       -|       -|    -|
|Instance         |        -|     5|     355|     439|    -|
|Memory           |        0|     -|      52|      27|    -|
|Multiplexer      |        -|     -|       0|     765|    -|
|Register         |        -|     -|     520|       -|    -|
+-----------------+---------+------+--------+--------+-----+
|Total            |        0|     5|     927|    3461|    0|
+-----------------+---------+------+--------+--------+-----+
|Available        |      288|  1248|  234240|  117120|   64|
+-----------------+---------+------+--------+--------+-----+
|Utilization (%)  |        0|    ~0|      ~0|       2|    0|
+-----------------+---------+------+--------+--------+-----+

+ Detail: 
    * Instance: 
    +----------------------------------------+------------------------------------+---------+----+-----+-----+-----+
    |                Instance                |               Module               | BRAM_18K| DSP|  FF | LUT | URAM|
    +----------------------------------------+------------------------------------+---------+----+-----+-----+-----+
    |bitselect_1ns_32ns_32s_1_1_1_U67        |bitselect_1ns_32ns_32s_1_1_1        |        0|   0|    0|    9|    0|
    |bitselect_1ns_32ns_32s_1_1_1_U69        |bitselect_1ns_32ns_32s_1_1_1        |        0|   0|    0|    9|    0|
    |faddfsub_32ns_32ns_32_4_full_dsp_1_U56  |faddfsub_32ns_32ns_32_4_full_dsp_1  |        0|   2|  227|  214|    0|
    |fcmp_32ns_32ns_1_2_no_dsp_1_U61         |fcmp_32ns_32ns_1_2_no_dsp_1         |        0|   0|    0|    0|    0|
    |fcmp_32ns_32ns_1_2_no_dsp_1_U62         |fcmp_32ns_32ns_1_2_no_dsp_1         |        0|   0|    0|    0|    0|
    |fcmp_32ns_32ns_1_2_no_dsp_1_U63         |fcmp_32ns_32ns_1_2_no_dsp_1         |        0|   0|    0|    0|    0|
    |fcmp_32ns_32ns_1_2_no_dsp_1_U64         |fcmp_32ns_32ns_1_2_no_dsp_1         |        0|   0|    0|    0|    0|
    |fdiv_32ns_32ns_32_9_no_dsp_1_U58        |fdiv_32ns_32ns_32_9_no_dsp_1        |        0|   0|    0|    0|    0|
    |fmul_32ns_32ns_32_3_max_dsp_1_U57       |fmul_32ns_32ns_32_3_max_dsp_1       |        0|   3|  128|  135|    0|
    |fsqrt_32ns_32ns_32_8_no_dsp_1_U65       |fsqrt_32ns_32ns_32_8_no_dsp_1       |        0|   0|    0|    0|    0|
    |sitofp_32ns_32_4_no_dsp_1_U60           |sitofp_32ns_32_4_no_dsp_1           |        0|   0|    0|    0|    0|
    |sparsemux_13_5_32_1_1_U71               |sparsemux_13_5_32_1_1               |        0|   0|    0|   26|    0|
    |sparsemux_7_2_32_1_1_U68                |sparsemux_7_2_32_1_1                |        0|   0|    0|    9|    0|
    |sparsemux_7_2_32_1_1_U70                |sparsemux_7_2_32_1_1                |        0|   0|    0|    9|    0|
    |sparsemux_9_3_32_1_1_U72                |sparsemux_9_3_32_1_1                |        0|   0|    0|   14|    0|
    |sparsemux_9_3_3_1_1_U66                 |sparsemux_9_3_3_1_1                 |        0|   0|    0|   14|    0|
    |uitofp_32ns_32_4_no_dsp_1_U59           |uitofp_32ns_32_4_no_dsp_1           |        0|   0|    0|    0|    0|
    +----------------------------------------+------------------------------------+---------+----+-----+-----+-----+
    |Total                                   |                                    |        0|   5|  355|  439|    0|
    +----------------------------------------+------------------------------------+---------+----+-----+-----+-----+

    * DSP: 
    N/A

    * Memory: 
    +----------------------------+--------------------------------------------------+---------+----+----+-----+------+-----+------+-------------+
    |           Memory           |                      Module                      | BRAM_18K| FF | LUT| URAM| Words| Bits| Banks| W*Bits*Banks|
    +----------------------------+--------------------------------------------------+---------+----+----+-----+------+-----+------+-------------+
    |index_table_U               |fpu_compute_index_table_ROM_AUTO_1R               |        0|   6|   3|    0|    32|    6|     1|          192|
    |mask_table_U                |fpu_compute_mask_table_ROM_AUTO_1R                |        0|  23|  12|    0|    32|   23|     1|          736|
    |one_half_minus_one_table_U  |fpu_compute_one_half_minus_one_table_ROM_AUTO_1R  |        0|  23|  12|    0|    32|   23|     1|          736|
    +----------------------------+--------------------------------------------------+---------+----+----+-----+------+-----+------+-------------+
    |Total                       |                                                  |        0|  52|  27|    0|    96|   52|     3|         1664|
    +----------------------------+--------------------------------------------------+---------+----+----+-----+------+-----+------+-------------+

    * FIFO: 
    N/A

    * Expression: 
    +---------------------------------+----------+----+---+-----+------------+------------+
    |          Variable Name          | Operation| DSP| FF| LUT | Bitwidth P0| Bitwidth P1|
    +---------------------------------+----------+----+---+-----+------------+------------+
    |add_ln317_1_fu_1386_p2           |         +|   0|  0|   16|           9|           8|
    |add_ln317_fu_1110_p2             |         +|   0|  0|   16|           9|           8|
    |data_4_fu_981_p2                 |         +|   0|  0|   39|          32|          32|
    |data_6_fu_1266_p2                |         +|   0|  0|   39|          32|          32|
    |one_half_1_fu_963_p2             |         +|   0|  0|   31|          24|           1|
    |one_half_4_fu_1248_p2            |         +|   0|  0|   31|          24|           1|
    |result_1_fu_1190_p2              |         -|   0|  0|   39|           1|          32|
    |sub_ln18_fu_1124_p2              |         -|   0|  0|   15|           7|           8|
    |sub_ln71_fu_1400_p2              |         -|   0|  0|   15|           7|           8|
    |and_ln18_10_fu_1698_p2           |       and|   0|  0|    2|           1|           1|
    |and_ln18_1_fu_1573_p2            |       and|   0|  0|    2|           1|           1|
    |and_ln18_2_fu_1609_p2            |       and|   0|  0|    2|           1|           1|
    |and_ln18_3_fu_1615_p2            |       and|   0|  0|    2|           1|           1|
    |and_ln18_4_fu_1625_p2            |       and|   0|  0|    2|           1|           1|
    |and_ln18_5_fu_1631_p2            |       and|   0|  0|    2|           1|           1|
    |and_ln18_6_fu_1637_p2            |       and|   0|  0|    2|           1|           1|
    |and_ln18_7_fu_1648_p2            |       and|   0|  0|    2|           1|           1|
    |and_ln18_8_fu_1653_p2            |       and|   0|  0|    2|           1|           1|
    |and_ln18_9_fu_1663_p2            |       and|   0|  0|    2|           1|           1|
    |and_ln18_fu_1568_p2              |       and|   0|  0|    2|           1|           1|
    |and_ln25_1_fu_1541_p2            |       and|   0|  0|    2|           1|           1|
    |and_ln25_2_fu_1551_p2            |       and|   0|  0|    2|           1|           1|
    |and_ln25_fu_1537_p2              |       and|   0|  0|    2|           1|           1|
    |and_ln34_1_fu_1216_p2            |       and|   0|  0|    2|           1|           1|
    |and_ln34_fu_931_p2               |       and|   0|  0|    2|           1|           1|
    |and_ln37_1_fu_1321_p2            |       and|   0|  0|    2|           1|           1|
    |and_ln37_fu_1036_p2              |       and|   0|  0|    2|           1|           1|
    |and_ln386_1_fu_1522_p2           |       and|   0|  0|    2|           1|           1|
    |and_ln386_fu_1516_p2             |       and|   0|  0|    2|           1|           1|
    |and_ln387_1_fu_1501_p2           |       and|   0|  0|    2|           1|           1|
    |and_ln387_fu_1495_p2             |       and|   0|  0|    2|           1|           1|
    |and_ln388_1_fu_1480_p2           |       and|   0|  0|    2|           1|           1|
    |and_ln388_fu_1474_p2             |       and|   0|  0|    2|           1|           1|
    |and_ln39_fu_908_p2               |       and|   0|  0|    2|           1|           1|
    |and_ln40_fu_919_p2               |       and|   0|  0|    2|           1|           1|
    |and_ln48_fu_1204_p2              |       and|   0|  0|    2|           1|           1|
    |and_ln538_1_fu_766_p2            |       and|   0|  0|    2|           1|           1|
    |and_ln538_2_fu_772_p2            |       and|   0|  0|    2|           1|           1|
    |and_ln538_3_fu_792_p2            |       and|   0|  0|    2|           1|           1|
    |and_ln538_4_fu_810_p2            |       and|   0|  0|    2|           1|           1|
    |grp_fu_438_p2                    |       and|   0|  0|    2|           1|           1|
    |xs_sig_1_fu_996_p2               |       and|   0|  0|   23|          23|          23|
    |xs_sig_2_fu_1281_p2              |       and|   0|  0|   23|          23|          23|
    |grp_fu_398_p2                    |      icmp|   0|  0|   12|           5|           1|
    |grp_fu_412_p2                    |      icmp|   0|  0|   15|           8|           2|
    |grp_fu_427_p2                    |      icmp|   0|  0|   15|           8|           2|
    |grp_fu_467_p2                    |      icmp|   0|  0|   15|           8|           7|
    |grp_fu_473_p2                    |      icmp|   0|  0|   15|           8|           7|
    |grp_fu_479_p2                    |      icmp|   0|  0|   15|           8|           8|
    |grp_fu_485_p2                    |      icmp|   0|  0|   10|           3|           1|
    |icmp_ln18_1_fu_1563_p2           |      icmp|   0|  0|   30|          23|           1|
    |icmp_ln18_2_fu_666_p2            |      icmp|   0|  0|   15|           8|           2|
    |icmp_ln18_3_fu_672_p2            |      icmp|   0|  0|   30|          23|           1|
    |icmp_ln18_fu_660_p2              |      icmp|   0|  0|   15|           8|           2|
    |icmp_ln25_1_fu_654_p2            |      icmp|   0|  0|   30|          23|           1|
    |icmp_ln25_fu_642_p2              |      icmp|   0|  0|   15|           8|           1|
    |icmp_ln374_1_fu_1784_p2          |      icmp|   0|  0|   10|           3|           1|
    |icmp_ln374_fu_1779_p2            |      icmp|   0|  0|   10|           3|           2|
    |icmp_ln386_1_fu_543_p2           |      icmp|   0|  0|   30|          23|           1|
    |icmp_ln386_3_fu_602_p2           |      icmp|   0|  0|   30|          23|           1|
    |icmp_ln387_2_fu_592_p2           |      icmp|   0|  0|   30|          23|           1|
    |icmp_ln388_2_fu_582_p2           |      icmp|   0|  0|   30|          23|           1|
    |icmp_ln401_fu_562_p2             |      icmp|   0|  0|   10|           3|           1|
    |ymaggreater_fu_678_p2            |      icmp|   0|  0|   39|          32|          32|
    |lshr_ln18_fu_1150_p2             |      lshr|   0|  0|  240|          79|          79|
    |lshr_ln71_fu_1425_p2             |      lshr|   0|  0|  240|          79|          79|
    |grp_fu_433_p2                    |        or|   0|  0|    2|           1|           1|
    |or_ln18_1_fu_1674_p2             |        or|   0|  0|    2|           1|           1|
    |or_ln18_2_fu_1692_p2             |        or|   0|  0|    2|           1|           1|
    |or_ln18_fu_1669_p2               |        or|   0|  0|    2|           1|           1|
    |or_ln25_1_fu_648_p2              |        or|   0|  0|   23|          23|          23|
    |or_ln25_2_fu_1557_p2             |        or|   0|  0|    2|           1|           1|
    |or_ln25_fu_636_p2                |        or|   0|  0|    8|           8|           8|
    |or_ln34_1_fu_1309_p2             |        or|   0|  0|    2|           1|           1|
    |or_ln34_fu_1024_p2               |        or|   0|  0|    2|           1|           1|
    |or_ln379_fu_1827_p2              |        or|   0|  0|   31|          31|          31|
    |or_ln386_1_fu_1512_p2            |        or|   0|  0|    2|           1|           1|
    |or_ln386_fu_1507_p2              |        or|   0|  0|    2|           1|           1|
    |or_ln387_1_fu_1491_p2            |        or|   0|  0|    2|           1|           1|
    |or_ln387_fu_1486_p2              |        or|   0|  0|    2|           1|           1|
    |or_ln388_1_fu_1470_p2            |        or|   0|  0|    2|           1|           1|
    |or_ln388_fu_1465_p2              |        or|   0|  0|    2|           1|           1|
    |or_ln38_fu_914_p2                |        or|   0|  0|    2|           1|           1|
    |or_ln538_1_fu_798_p2             |        or|   0|  0|    2|           1|           1|
    |fpclassify_result_i_i_fu_826_p8  |    select|   0|  0|    4|           1|           2|
    |one_half_2_fu_969_p3             |    select|   0|  0|   24|           1|          24|
    |one_half_5_fu_1254_p3            |    select|   0|  0|   24|           1|          24|
    |res_31_fu_1718_p6                |    select|   0|  0|   32|           1|          32|
    |res_31_fu_1718_p8                |    select|   0|  0|   32|           1|          32|
    |result_2_fu_1196_p3              |    select|   0|  0|   32|           1|          32|
    |select_ln18_fu_1134_p3           |    select|   0|  0|    9|           1|           9|
    |select_ln397_fu_897_p3           |    select|   0|  0|   32|           1|          32|
    |select_ln39_fu_690_p3            |    select|   0|  0|    2|           1|           1|
    |select_ln60_fu_881_p3            |    select|   0|  0|    8|           1|           1|
    |select_ln63_cast_cast_fu_873_p3  |    select|   0|  0|   10|           1|          10|
    |select_ln65_fu_858_p3            |    select|   0|  0|    5|           1|           4|
    |select_ln66_fu_850_p3            |    select|   0|  0|    6|           1|           3|
    |select_ln68_fu_889_p3            |    select|   0|  0|    7|           1|           2|
    |select_ln71_fu_1409_p3           |    select|   0|  0|    9|           1|           9|
    |val_2_fu_1182_p3                 |    select|   0|  0|   32|           1|          32|
    |val_fu_1457_p3                   |    select|   0|  0|   32|           1|          32|
    |ymaggreater_1_fu_698_p3          |    select|   0|  0|    2|           1|           1|
    |shl_ln18_fu_1156_p2              |       shl|   0|  0|  240|          79|          79|
    |shl_ln71_fu_1431_p2              |       shl|   0|  0|  240|          79|          79|
    |grp_fu_392_p2                    |       xor|   0|  0|    2|           1|           2|
    |xor_ln18_1_fu_1657_p2            |       xor|   0|  0|    2|           2|           1|
    |xor_ln18_2_fu_1680_p2            |       xor|   0|  0|    2|           1|           2|
    |xor_ln18_3_fu_1686_p2            |       xor|   0|  0|    2|           1|           2|
    |xor_ln18_fu_1642_p2              |       xor|   0|  0|    2|           2|           1|
    |xor_ln25_1_fu_1620_p2            |       xor|   0|  0|    2|           1|           2|
    |xor_ln25_fu_1545_p2              |       xor|   0|  0|    2|           2|           1|
    |xor_ln34_1_fu_1315_p2            |       xor|   0|  0|    2|           1|           2|
    |xor_ln34_fu_1030_p2              |       xor|   0|  0|    2|           1|           2|
    |xor_ln376_fu_1759_p2             |       xor|   0|  0|    2|           1|           2|
    |xor_ln377_fu_714_p2              |       xor|   0|  0|   32|          32|          32|
    |xor_ln39_fu_684_p2               |       xor|   0|  0|    2|           1|           2|
    |xor_ln538_1_fu_804_p2            |       xor|   0|  0|    2|           1|           2|
    |xor_ln538_fu_786_p2              |       xor|   0|  0|    2|           1|           2|
    |xor_ln77_1_fu_1275_p2            |       xor|   0|  0|   23|          23|           2|
    |xor_ln77_fu_990_p2               |       xor|   0|  0|   23|          23|           2|
    +---------------------------------+----------+----+---+-----+------------+------------+
    |Total                            |          |   0|  0| 2230|        1002|        1018|
    +---------------------------------+----------+----+---+-----+------------+------------+

    * Multiplexer: 
    +-----------------------------------------+-----+-----------+-----+-----------+
    |                   Name                  | LUT | Input Size| Bits| Total Bits|
    +-----------------------------------------+-----+-----------+-----+-----------+
    |agg_result_0_reg_261                     |  135|         27|   32|        864|
    |ap_NS_fsm                                |  418|         79|    1|         79|
    |ap_phi_mux_agg_result_0_phi_fu_268_p62   |    9|          2|   32|         64|
    |ap_return                                |    9|          2|   32|         64|
    |grp_fu_339_opcode                        |   14|          3|    2|          6|
    |grp_fu_339_p0                            |   14|          3|   32|         96|
    |grp_fu_339_p1                            |   14|          3|   32|         96|
    |grp_fu_343_p0                            |   14|          3|   32|         96|
    |grp_fu_343_p1                            |   20|          4|   32|        128|
    |grp_fu_357_opcode                        |   31|          6|    5|         30|
    |grp_fu_357_p0                            |   14|          3|   32|         96|
    |grp_fu_357_p1                            |   31|          6|   32|        192|
    |index_table_address0_local               |   14|          3|    5|         15|
    |mask_table_address0_local                |   14|          3|    5|         15|
    |one_half_minus_one_table_address0_local  |   14|          3|    5|         15|
    +-----------------------------------------+-----+-----------+-----+-----------+
    |Total                                    |  765|        150|  311|       1856|
    +-----------------------------------------+-----+-----------+-----+-----------+

    * Register: 
    +--------------------------------+----+----+-----+-----------+
    |              Name              | FF | LUT| Bits| Const Bits|
    +--------------------------------+----+----+-----+-----------+
    |a_reg_1883                      |  32|   0|   32|          0|
    |agg_result_0_reg_261            |  32|   0|   32|          0|
    |and_ln25_2_reg_2224             |   1|   0|    1|          0|
    |and_ln386_1_reg_2204            |   1|   0|    1|          0|
    |and_ln387_1_reg_2199            |   1|   0|    1|          0|
    |and_ln388_1_reg_2194            |   1|   0|    1|          0|
    |ap_CS_fsm                       |  78|   0|   78|          0|
    |ap_predicate_pred187_state74    |   1|   0|    1|          0|
    |ap_predicate_pred187_state77    |   1|   0|    1|          0|
    |ap_predicate_pred187_state78    |   1|   0|    1|          0|
    |ap_predicate_pred198_state74    |   1|   0|    1|          0|
    |ap_predicate_pred198_state77    |   1|   0|    1|          0|
    |ap_predicate_pred198_state78    |   1|   0|    1|          0|
    |ap_return_preg                  |  32|   0|   32|          0|
    |b_reg_1898                      |  32|   0|   32|          0|
    |c_reg_1910                      |  32|   0|   32|          0|
    |cmp_i_i8_reg_2111               |   1|   0|    1|          0|
    |dc_7_reg_2142                   |  32|   0|   32|          0|
    |div_reg_2256                    |  32|   0|   32|          0|
    |fpclassify_result_i_i_reg_2077  |   3|   0|    3|          0|
    |icmp_ln18_2_reg_2018            |   1|   0|    1|          0|
    |icmp_ln18_3_reg_2024            |   1|   0|    1|          0|
    |icmp_ln18_reg_2012              |   1|   0|    1|          0|
    |icmp_ln25_1_reg_2006            |   1|   0|    1|          0|
    |icmp_ln25_reg_2000              |   1|   0|    1|          0|
    |icmp_ln386_1_reg_1919           |   1|   0|    1|          0|
    |icmp_ln386_2_reg_1985           |   1|   0|    1|          0|
    |icmp_ln386_3_reg_1990           |   1|   0|    1|          0|
    |icmp_ln387_1_reg_1975           |   1|   0|    1|          0|
    |icmp_ln387_2_reg_1980           |   1|   0|    1|          0|
    |icmp_ln388_1_reg_1965           |   1|   0|    1|          0|
    |icmp_ln388_2_reg_1970           |   1|   0|    1|          0|
    |icmp_ln392_reg_1961             |   1|   0|    1|          0|
    |icmp_ln397_reg_1956             |   1|   0|    1|          0|
    |or_ln25_2_reg_2230              |   1|   0|    1|          0|
    |or_ln39_reg_2116                |   1|   0|    1|          0|
    |or_ln47_reg_2152                |   1|   0|    1|          0|
    |reg_490                         |  32|   0|   32|          0|
    |reg_495                         |  32|   0|   32|          0|
    |t_9_reg_1876                    |  31|   0|   31|          0|
    |tmp_23_reg_2036                 |   1|   0|    1|          0|
    |tmp_24_reg_2042                 |   1|   0|    1|          0|
    |tmp_reg_2246                    |  32|   0|   32|          0|
    |trunc_ln342_1_reg_2184          |  23|   0|   23|          0|
    |x_fp_sig_1_reg_1870             |  23|   0|   23|          0|
    |x_fp_sign_reg_1995              |   1|   0|    1|          0|
    |xor_ln361_reg_1934              |   1|   0|    1|          0|
    |xor_ln362_reg_1929              |   1|   0|    1|          0|
    |xs_exp_1_reg_2178               |   8|   0|    8|          0|
    |ymaggreater_1_reg_2030          |   1|   0|    1|          0|
    +--------------------------------+----+----+-----+-----------+
    |Total                           | 520|   0|  520|          0|
    +--------------------------------+----+----+-----+-----------+



================================================================
== Interface
================================================================
* Summary: 
+---------------+-----+-----+------------+---------------+--------------+
|   RTL Ports   | Dir | Bits|  Protocol  | Source Object |    C Type    |
+---------------+-----+-----+------------+---------------+--------------+
|ap_clk         |   in|    1|  ap_ctrl_hs|    fpu_compute|  return value|
|ap_rst         |   in|    1|  ap_ctrl_hs|    fpu_compute|  return value|
|ap_start       |   in|    1|  ap_ctrl_hs|    fpu_compute|  return value|
|ap_done        |  out|    1|  ap_ctrl_hs|    fpu_compute|  return value|
|ap_idle        |  out|    1|  ap_ctrl_hs|    fpu_compute|  return value|
|ap_ready       |  out|    1|  ap_ctrl_hs|    fpu_compute|  return value|
|ap_return      |  out|   32|  ap_ctrl_hs|    fpu_compute|  return value|
|fpu_rs_s1_val  |   in|   32|     ap_none|  fpu_rs_s1_val|       pointer|
|fpu_rs_s2_val  |   in|   32|     ap_none|  fpu_rs_s2_val|       pointer|
|fpu_rs_s3_val  |   in|   32|     ap_none|  fpu_rs_s3_val|       pointer|
|fpu_rs_r4op    |   in|    3|     ap_none|    fpu_rs_r4op|       pointer|
|fpu_rs_f7      |   in|    7|     ap_none|      fpu_rs_f7|       pointer|
|fpu_rs_f3      |   in|    3|     ap_none|      fpu_rs_f3|       pointer|
|fpu_rs_rs2f    |   in|    5|     ap_none|    fpu_rs_rs2f|       pointer|
+---------------+-----+-----+------------+---------------+--------------+

