

================================================================
== Vitis HLS Report for 'rv32_ooo_tick_Pipeline_VITIS_LOOP_872_10'
================================================================
* Date:           Tue Jul 21 18:18:45 2026

* Version:        2024.2 (Build 5238294 on Nov  8 2024)
* Project:        rv32_ooo_proj
* Solution:       solution1 (Vivado IP Flow Target)
* Product family: zynquplus
* Target device:  xck26-sfvc784-2LV-c


================================================================
== Performance Estimates
================================================================
+ Timing: 
    * Summary: 
    +--------+----------+----------+------------+
    |  Clock |  Target  | Estimated| Uncertainty|
    +--------+----------+----------+------------+
    |ap_clk  |  10.00 ns|  1.424 ns|     2.70 ns|
    +--------+----------+----------+------------+

+ Latency: 
    * Summary: 
    +---------+---------+-----------+-----------+-----+-----+------------------------------------------------+
    |  Latency (cycles) |   Latency (absolute)  |  Interval |                    Pipeline                    |
    |   min   |   max   |    min    |    max    | min | max |                      Type                      |
    +---------+---------+-----------+-----------+-----+-----+------------------------------------------------+
    |        4|        4|  40.000 ns|  40.000 ns|    3|    3|  loop auto-rewind stp (delay=0 clock cycles(s))|
    +---------+---------+-----------+-----------+-----+-----+------------------------------------------------+

    + Detail: 
        * Instance: 
        N/A

        * Loop: 
        +---------------------+---------+---------+----------+-----------+-----------+------+----------+
        |                     |  Latency (cycles) | Iteration|  Initiation Interval  | Trip |          |
        |      Loop Name      |   min   |   max   |  Latency |  achieved |   target  | Count| Pipelined|
        +---------------------+---------+---------+----------+-----------+-----------+------+----------+
        |- VITIS_LOOP_872_10  |        2|        2|         1|          1|          1|     2|       yes|
        +---------------------+---------+---------+----------+-----------+-----------+------+----------+



================================================================
== Utilization Estimates
================================================================
* Summary: 
+-----------------+---------+------+--------+--------+-----+
|       Name      | BRAM_18K|  DSP |   FF   |   LUT  | URAM|
+-----------------+---------+------+--------+--------+-----+
|DSP              |        -|     -|       -|       -|    -|
|Expression       |        -|     -|       0|      54|    -|
|FIFO             |        -|     -|       -|       -|    -|
|Instance         |        -|     -|       -|       -|    -|
|Memory           |        -|     -|       -|       -|    -|
|Multiplexer      |        -|     -|       0|      36|    -|
|Register         |        -|     -|      37|       -|    -|
+-----------------+---------+------+--------+--------+-----+
|Total            |        0|     0|      37|      90|    0|
+-----------------+---------+------+--------+--------+-----+
|Available        |      288|  1248|  234240|  117120|   64|
+-----------------+---------+------+--------+--------+-----+
|Utilization (%)  |        0|     0|      ~0|      ~0|    0|
+-----------------+---------+------+--------+--------+-----+

+ Detail: 
    * Instance: 
    N/A

    * DSP: 
    N/A

    * Memory: 
    N/A

    * FIFO: 
    N/A

    * Expression: 
    +-----------------------+----------+----+---+----+------------+------------+
    |     Variable Name     | Operation| DSP| FF| LUT| Bitwidth P0| Bitwidth P1|
    +-----------------------+----------+----+---+----+------------+------------+
    |add_ln872_fu_113_p2    |         +|   0|  0|   9|           2|           2|
    |icmp_ln873_fu_85_p2    |      icmp|   0|  0|   9|           2|           1|
    |free_alu_1_fu_105_p3   |    select|   0|  0|  32|           1|          32|
    |select_ln873_fu_91_p3  |    select|   0|  0|   2|           1|           1|
    |ap_enable_pp0          |       xor|   0|  0|   2|           1|           2|
    +-----------------------+----------+----+---+----+------------+------------+
    |Total                  |          |   0|  0|  54|           7|          38|
    +-----------------------+----------+----+---+----+------------+------------+

    * Multiplexer: 
    +-------------------------+----+-----------+-----+-----------+
    |           Name          | LUT| Input Size| Bits| Total Bits|
    +-------------------------+----+-----------+-----+-----------+
    |ap_done_int              |   9|          2|    1|          2|
    |ap_enable_reg_pp0_iter1  |   9|          2|    1|          2|
    |free_alu_fu_34           |   9|          2|   32|         64|
    |i_fu_38                  |   9|          2|    2|          4|
    +-------------------------+----+-----------+-----+-----------+
    |Total                    |  36|          8|   36|         72|
    +-------------------------+----+-----------+-----+-----------+

    * Register: 
    +-------------------------+----+----+-----+-----------+
    |           Name          | FF | LUT| Bits| Const Bits|
    +-------------------------+----+----+-----+-----------+
    |ap_CS_fsm                |   1|   0|    1|          0|
    |ap_done_reg              |   1|   0|    1|          0|
    |ap_enable_reg_pp0_iter1  |   1|   0|    1|          0|
    |free_alu_fu_34           |  32|   0|   32|          0|
    |i_fu_38                  |   2|   0|    2|          0|
    +-------------------------+----+----+-----+-----------+
    |Total                    |  37|   0|   37|          0|
    +-------------------------+----+----+-----+-----------+



================================================================
== Interface
================================================================
* Summary: 
+----------------------+-----+-----+------------+------------------------------------------+--------------+
|       RTL Ports      | Dir | Bits|  Protocol  |               Source Object              |    C Type    |
+----------------------+-----+-----+------------+------------------------------------------+--------------+
|ap_clk                |   in|    1|  ap_ctrl_hs|  rv32_ooo_tick_Pipeline_VITIS_LOOP_872_10|  return value|
|ap_rst                |   in|    1|  ap_ctrl_hs|  rv32_ooo_tick_Pipeline_VITIS_LOOP_872_10|  return value|
|ap_start              |   in|    1|  ap_ctrl_hs|  rv32_ooo_tick_Pipeline_VITIS_LOOP_872_10|  return value|
|ap_done               |  out|    1|  ap_ctrl_hs|  rv32_ooo_tick_Pipeline_VITIS_LOOP_872_10|  return value|
|ap_idle               |  out|    1|  ap_ctrl_hs|  rv32_ooo_tick_Pipeline_VITIS_LOOP_872_10|  return value|
|ap_ready              |  out|    1|  ap_ctrl_hs|  rv32_ooo_tick_Pipeline_VITIS_LOOP_872_10|  return value|
|alu_rs_busy_1_load_1  |   in|    1|     ap_none|                      alu_rs_busy_1_load_1|        scalar|
|alu_rs_busy_0_load_1  |   in|    1|     ap_none|                      alu_rs_busy_0_load_1|        scalar|
|free_alu_out          |  out|   32|      ap_vld|                              free_alu_out|       pointer|
|free_alu_out_ap_vld   |  out|    1|      ap_vld|                              free_alu_out|       pointer|
+----------------------+-----+-----+------------+------------------------------------------+--------------+

