

================================================================
== Synthesis Summary Report of 'rv32_ooo_tick'
================================================================
+ General Information: 
    * Date:           Tue Jul 21 18:19:57 2026
    * Version:        2024.2 (Build 5238294 on Nov  8 2024)
    * Project:        rv32_ooo_bm_proj
    * Solution:       solution1 (Vivado IP Flow Target)
    * Product family: zynquplus
    * Target device:  xck26-sfvc784-2LV-c
    

+ Performance & Resource Estimates: 
    
    PS: '+' for module; 'o' for loop; '*' for dataflow
    +----------------------------------------------+--------+-------+---------+-----------+----------+---------+------+----------+--------+---------+-----------+-------------+-----+
    |                    Modules                   |  Issue |       | Latency |  Latency  | Iteration|         | Trip |          |        |         |           |             |     |
    |                    & Loops                   |  Type  | Slack | (cycles)|    (ns)   |  Latency | Interval| Count| Pipelined|  BRAM  |   DSP   |     FF    |     LUT     | URAM|
    +----------------------------------------------+--------+-------+---------+-----------+----------+---------+------+----------+--------+---------+-----------+-------------+-----+
    |+ rv32_ooo_tick                               |  Timing|  -0.06|      276|  2.760e+03|         -|      277|     -|        no|  6 (2%)|  20 (1%)|  5473 (2%)|  17489 (14%)|    -|
    | + cdb_broadcast                              |       -|   6.34|        0|      0.000|         -|        0|     -|        no|       -|        -|          -|    315 (~0%)|    -|
    | + fpu_compute                                |  Timing|  -0.06|        9|     90.000|         -|        9|     -|        no|       -|  5 (~0%)|  927 (~0%)|    3461 (2%)|    -|
    | + expand                                     |       -|   5.53|        0|      0.000|         -|        0|     -|        no|       -|        -|          -|    233 (~0%)|    -|
    | + read_operand                               |       -|   5.91|        2|     20.000|         -|        2|     -|        no|       -|        -|   76 (~0%)|     87 (~0%)|    -|
    | + read_operand_fp                            |       -|   5.91|        2|     20.000|         -|        2|     -|        no|       -|        -|   75 (~0%)|     65 (~0%)|    -|
    | + rv32_ooo_tick_Pipeline_VITIS_LOOP_872_10   |       -|   5.88|        4|     40.000|         -|        4|     -|        no|       -|        -|   37 (~0%)|     90 (~0%)|    -|
    |  o VITIS_LOOP_872_10                         |       -|   7.30|        2|     20.000|         1|        1|     2|       yes|       -|        -|          -|            -|    -|
    | + rv32_ooo_tick_Pipeline_VITIS_LOOP_1129_11  |       -|   4.83|      130|  1.300e+03|         -|      130|     -|        no|       -|        -|   19 (~0%)|     78 (~0%)|    -|
    |  o VITIS_LOOP_1129_11                        |       -|   7.30|      128|  1.280e+03|         2|        1|   128|       yes|       -|        -|          -|            -|    -|
    | + rv32_ooo_tick_Pipeline_VITIS_LOOP_575_4    |       -|   4.87|      130|  1.300e+03|         -|      130|     -|        no|       -|        -|   10 (~0%)|     58 (~0%)|    -|
    |  o VITIS_LOOP_575_4                          |       -|   7.30|      128|  1.280e+03|         1|        1|   128|       yes|       -|        -|          -|            -|    -|
    | + rv32_ooo_tick_Pipeline_VITIS_LOOP_579_5    |       -|   4.83|      130|  1.300e+03|         -|      130|     -|        no|       -|        -|   19 (~0%)|     78 (~0%)|    -|
    |  o VITIS_LOOP_579_5                          |       -|   7.30|      128|  1.280e+03|         2|        1|   128|       yes|       -|        -|          -|            -|    -|
    +----------------------------------------------+--------+-------+---------+-----------+----------+---------+------+----------+--------+---------+-----------+-------------+-----+


================================================================
== HW Interfaces
================================================================
* S_AXILITE Interfaces
+---------------+------------+---------------+
| Interface     | Data Width | Address Width |
+---------------+------------+---------------+
| s_axi_control | 32         | 4             |
+---------------+------------+---------------+

* S_AXILITE Registers
+---------------+----------+--------+-------+--------+----------------------------------+----------------------------------------------------------------------+
| Interface     | Register | Offset | Width | Access | Description                      | Bit Fields                                                           |
+---------------+----------+--------+-------+--------+----------------------------------+----------------------------------------------------------------------+
| s_axi_control | CTRL     | 0x00   | 32    | RW     | Control signals                  | 0=AP_START 1=AP_DONE 2=AP_IDLE 3=AP_READY 7=AUTO_RESTART 9=INTERRUPT |
| s_axi_control | GIER     | 0x04   | 32    | RW     | Global Interrupt Enable Register | 0=Enable                                                             |
| s_axi_control | IP_IER   | 0x08   | 32    | RW     | IP Interrupt Enable Register     | 0=CHAN0_INT_EN 1=CHAN1_INT_EN                                        |
| s_axi_control | IP_ISR   | 0x0c   | 32    | RW     | IP Interrupt Status Register     | 0=CHAN0_INT_ST 1=CHAN1_INT_ST                                        |
+---------------+----------+--------+-------+--------+----------------------------------+----------------------------------------------------------------------+

* BRAM
+-----------------+------------+---------------+
| Interface       | Data Width | Address Width |
+-----------------+------------+---------------+
| dmem_PORTA      | 32         | 32            |
| dmem_PORTB      | 32         | 32            |
| imem_PORTA      | 32         | 32            |
| imem_PORTB      | 32         | 32            |
| vregs_out_PORTA | 32         | 32            |
+-----------------+------------+---------------+

* Other Ports
+--------------+---------+-----------+----------+
| Port         | Mode    | Direction | Bitwidth |
+--------------+---------+-----------+----------+
| alu0_done    | ap_none | out       | 1        |
| alu0_tag     | ap_none | out       | 3        |
| alu1_done    | ap_none | out       | 1        |
| alu1_tag     | ap_none | out       | 3        |
| br_done      | ap_none | out       | 1        |
| br_tag       | ap_none | out       | 3        |
| commit_is_fp | ap_none | out       | 1        |
| commit_rd    | ap_none | out       | 5        |
| commit_valid | ap_none | out       | 1        |
| commit_value | ap_none | out       | 32       |
| disp_pc      | ap_none | out       | 32       |
| disp_tag     | ap_none | out       | 3        |
| disp_valid   | ap_none | out       | 1        |
| fpu_done     | ap_none | out       | 1        |
| fpu_tag      | ap_none | out       | 3        |
| halted       | ap_none | out       | 1        |
| lsu_done     | ap_none | out       | 1        |
| lsu_tag      | ap_none | out       | 3        |
| md_done      | ap_none | out       | 1        |
| md_tag       | ap_none | out       | 3        |
| reset        | ap_none | in        | 1        |
| vec_done     | ap_none | out       | 1        |
| vec_tag      | ap_none | out       | 3        |
+--------------+---------+-----------+----------+

* TOP LEVEL CONTROL
+-----------+------------+-----------+
| Interface | Type       | Ports     |
+-----------+------------+-----------+
| ap_clk    | clock      | ap_clk    |
| ap_rst_n  | reset      | ap_rst_n  |
| interrupt | interrupt  | interrupt |
| ap_ctrl   | ap_ctrl_hs |           |
+-----------+------------+-----------+


================================================================
== SW I/O Information
================================================================
* Top Function Arguments
+--------------+-----------+--------------+
| Argument     | Direction | Datatype     |
+--------------+-----------+--------------+
| reset        | in        | ap_uint<1>   |
| imem         | in        | ap_uint<32>* |
| dmem         | inout     | ap_uint<32>* |
| disp_valid   | out       | ap_uint<1>&  |
| disp_tag     | out       | ap_uint<3>&  |
| disp_pc      | out       | ap_uint<32>& |
| alu0_done    | out       | ap_uint<1>&  |
| alu0_tag     | out       | ap_uint<3>&  |
| alu1_done    | out       | ap_uint<1>&  |
| alu1_tag     | out       | ap_uint<3>&  |
| md_done      | out       | ap_uint<1>&  |
| md_tag       | out       | ap_uint<3>&  |
| fpu_done     | out       | ap_uint<1>&  |
| fpu_tag      | out       | ap_uint<3>&  |
| lsu_done     | out       | ap_uint<1>&  |
| lsu_tag      | out       | ap_uint<3>&  |
| br_done      | out       | ap_uint<1>&  |
| br_tag       | out       | ap_uint<3>&  |
| vec_done     | out       | ap_uint<1>&  |
| vec_tag      | out       | ap_uint<3>&  |
| commit_valid | out       | ap_uint<1>&  |
| commit_is_fp | out       | ap_uint<1>&  |
| commit_rd    | out       | ap_uint<5>&  |
| commit_value | out       | ap_uint<32>& |
| vregs_out    | out       | ap_uint<32>* |
| halted       | out       | ap_uint<1>&  |
+--------------+-----------+--------------+

* SW-to-HW Mapping
+--------------+-----------------+-----------+
| Argument     | HW Interface    | HW Type   |
+--------------+-----------------+-----------+
| reset        | reset           | port      |
| imem         | imem_PORTA      | interface |
| imem         | imem_PORTB      | interface |
| dmem         | dmem_PORTA      | interface |
| dmem         | dmem_PORTB      | interface |
| disp_valid   | disp_valid      | port      |
| disp_tag     | disp_tag        | port      |
| disp_pc      | disp_pc         | port      |
| alu0_done    | alu0_done       | port      |
| alu0_tag     | alu0_tag        | port      |
| alu1_done    | alu1_done       | port      |
| alu1_tag     | alu1_tag        | port      |
| md_done      | md_done         | port      |
| md_tag       | md_tag          | port      |
| fpu_done     | fpu_done        | port      |
| fpu_tag      | fpu_tag         | port      |
| lsu_done     | lsu_done        | port      |
| lsu_tag      | lsu_tag         | port      |
| br_done      | br_done         | port      |
| br_tag       | br_tag          | port      |
| vec_done     | vec_done        | port      |
| vec_tag      | vec_tag         | port      |
| commit_valid | commit_valid    | port      |
| commit_is_fp | commit_is_fp    | port      |
| commit_rd    | commit_rd       | port      |
| commit_value | commit_value    | port      |
| vregs_out    | vregs_out_PORTA | interface |
| halted       | halted          | port      |
+--------------+-----------------+-----------+


================================================================
== Bind Op Report
================================================================
+----------------------------------------------+-----+--------+------------------------------+-----------+------------------------+---------+
| Name                                         | DSP | Pragma | Variable                     | Op        | Impl                   | Latency |
+----------------------------------------------+-----+--------+------------------------------+-----------+------------------------+---------+
| + rv32_ooo_tick                              | 20  |        |                              |           |                        |         |
|   icmp_ln586_fu_6072_p2                      |     |        | icmp_ln586                   | seteq     | auto                   | 0       |
|   grp_fu_5909_p2                             |     |        | icmp_ln603                   | seteq     | auto                   | 0       |
|   icmp_ln600_fu_6098_p2                      |     |        | icmp_ln600                   | seteq     | auto                   | 0       |
|   mask_1_fu_6151_p2                          |     |        | mask_1                       | shl       | auto_pipe              | 0       |
|   xor_ln476_fu_6157_p2                       |     |        | xor_ln476                    | xor       | auto                   | 0       |
|   and_ln476_fu_6163_p2                       |     |        | and_ln476                    | and       | auto                   | 0       |
|   shl_ln476_fu_6172_p2                       |     |        | shl_ln476                    | shl       | auto_pipe              | 0       |
|   or_ln476_fu_6178_p2                        |     |        | or_ln476                     | or        | auto                   | 0       |
|   mask_fu_6188_p2                            |     |        | mask                         | shl       | auto_pipe              | 0       |
|   xor_ln470_fu_6194_p2                       |     |        | xor_ln470                    | xor       | auto                   | 0       |
|   and_ln470_fu_6200_p2                       |     |        | and_ln470                    | and       | auto                   | 0       |
|   shl_ln470_fu_6209_p2                       |     |        | shl_ln470                    | shl       | auto_pipe              | 0       |
|   or_ln470_fu_6215_p2                        |     |        | or_ln470                     | or        | auto                   | 0       |
|   grp_fu_5909_p2                             |     |        | icmp_ln606                   | seteq     | auto                   | 0       |
|   icmp_ln607_fu_6227_p2                      |     |        | icmp_ln607                   | seteq     | auto                   | 0       |
|   ref_tmp195_0_fu_6232_p3                    |     |        | ref_tmp195_0                 | select    | auto_sel               | 0       |
|   add_ln615_fu_6241_p2                       |     |        | add_ln615                    | add       | fabric                 | 0       |
|   add_ln616_fu_6253_p2                       |     |        | add_ln616                    | add       | fabric                 | 0       |
|   and_ln622_fu_6272_p2                       |     |        | and_ln622                    | and       | auto                   | 0       |
|   res_9_fu_6445_p16                          |     |        | res                          | and       | auto                   | 0       |
|   add_ln305_fu_6303_p2                       |     |        | add_ln305                    | add       | fabric                 | 0       |
|   sub_ln305_fu_6309_p2                       |     |        | sub_ln305                    | sub       | fabric                 | 0       |
|   res_9_fu_6445_p14                          |     |        | res_2                        | select    | auto_sel               | 0       |
|   res_9_fu_6445_p12                          |     |        | res_3                        | shl       | auto_pipe              | 0       |
|   res_4_fu_6333_p2                           |     |        | res_4                        | setlt     | auto                   | 0       |
|   res_5_fu_6343_p2                           |     |        | res_5                        | setlt     | auto                   | 0       |
|   res_9_fu_6445_p6                           |     |        | res_6                        | xor       | auto                   | 0       |
|   lshr_ln310_fu_6359_p2                      |     |        | lshr_ln310                   | lshr      | auto_pipe              | 0       |
|   ashr_ln310_fu_6365_p2                      |     |        | ashr_ln310                   | ashr      | auto_pipe              | 0       |
|   res_9_fu_6445_p4                           |     |        | res_7                        | select    | auto_sel               | 0       |
|   res_9_fu_6445_p2                           |     |        | res_8                        | or        | auto                   | 0       |
|   icmp_ln304_fu_6385_p2                      |     |        | icmp_ln304                   | seteq     | auto                   | 0       |
|   icmp_ln304_1_fu_6391_p2                    |     |        | icmp_ln304_1                 | seteq     | auto                   | 0       |
|   icmp_ln304_2_fu_6397_p2                    |     |        | icmp_ln304_2                 | seteq     | auto                   | 0       |
|   icmp_ln304_3_fu_6403_p2                    |     |        | icmp_ln304_3                 | seteq     | auto                   | 0       |
|   icmp_ln304_4_fu_6409_p2                    |     |        | icmp_ln304_4                 | seteq     | auto                   | 0       |
|   icmp_ln304_5_fu_6415_p2                    |     |        | icmp_ln304_5                 | seteq     | auto                   | 0       |
|   icmp_ln304_6_fu_6421_p2                    |     |        | icmp_ln304_6                 | seteq     | auto                   | 0       |
|   sparsemux_17_7_32_1_1_U120                 |     |        | res_9                        | sparsemux | onehotencoding_realdef | 0       |
|   and_ln622_1_fu_6511_p2                     |     |        | and_ln622_1                  | and       | auto                   | 0       |
|   res_1_fu_6684_p16                          |     |        | res_10                       | and       | auto                   | 0       |
|   add_ln305_1_fu_6542_p2                     |     |        | add_ln305_1                  | add       | fabric                 | 0       |
|   sub_ln305_1_fu_6548_p2                     |     |        | sub_ln305_1                  | sub       | fabric                 | 0       |
|   res_1_fu_6684_p14                          |     |        | res_11                       | select    | auto_sel               | 0       |
|   res_1_fu_6684_p12                          |     |        | res_12                       | shl       | auto_pipe              | 0       |
|   res_13_fu_6572_p2                          |     |        | res_13                       | setlt     | auto                   | 0       |
|   res_14_fu_6582_p2                          |     |        | res_14                       | setlt     | auto                   | 0       |
|   res_1_fu_6684_p6                           |     |        | res_15                       | xor       | auto                   | 0       |
|   lshr_ln310_1_fu_6598_p2                    |     |        | lshr_ln310_1                 | lshr      | auto_pipe              | 0       |
|   ashr_ln310_1_fu_6604_p2                    |     |        | ashr_ln310_1                 | ashr      | auto_pipe              | 0       |
|   res_1_fu_6684_p4                           |     |        | res_16                       | select    | auto_sel               | 0       |
|   res_1_fu_6684_p2                           |     |        | res_17                       | or        | auto                   | 0       |
|   icmp_ln304_7_fu_6624_p2                    |     |        | icmp_ln304_7                 | seteq     | auto                   | 0       |
|   icmp_ln304_8_fu_6630_p2                    |     |        | icmp_ln304_8                 | seteq     | auto                   | 0       |
|   icmp_ln304_9_fu_6636_p2                    |     |        | icmp_ln304_9                 | seteq     | auto                   | 0       |
|   icmp_ln304_10_fu_6642_p2                   |     |        | icmp_ln304_10                | seteq     | auto                   | 0       |
|   icmp_ln304_11_fu_6648_p2                   |     |        | icmp_ln304_11                | seteq     | auto                   | 0       |
|   icmp_ln304_12_fu_6654_p2                   |     |        | icmp_ln304_12                | seteq     | auto                   | 0       |
|   icmp_ln304_13_fu_6660_p2                   |     |        | icmp_ln304_13                | seteq     | auto                   | 0       |
|   sparsemux_17_7_32_1_1_U121                 |     |        | res_1                        | sparsemux | onehotencoding_realdef | 0       |
|   icmp_ln638_fu_6753_p2                      |     |        | icmp_ln638                   | seteq     | auto                   | 0       |
|   add_ln638_fu_6759_p2                       |     |        | add_ln638                    | add       | fabric                 | 0       |
|   icmp_ln638_1_fu_6765_p2                    |     |        | icmp_ln638_1                 | seteq     | auto                   | 0       |
|   icmp_ln334_fu_6805_p2                      |     |        | icmp_ln334                   | seteq     | auto                   | 0       |
|   grp_fu_5915_p2                             |     |        | icmp_ln341                   | seteq     | auto                   | 0       |
|   grp_fu_5920_p2                             |     |        | icmp_ln341_1                 | seteq     | auto                   | 0       |
|   grp_fu_5925_p2                             |     |        | and_ln341                    | and       | auto                   | 0       |
|   srem_32s_32s_32_36_seq_1_U122              |     |        | res_23                       | srem      | auto_seq               | 35      |
|   udiv_32s_32s_32_36_seq_1_U123              |     |        | udiv_ln338                   | udiv      | auto_seq               | 35      |
|   grp_fu_5915_p2                             |     |        | icmp_ln335                   | seteq     | auto                   | 0       |
|   grp_fu_5920_p2                             |     |        | icmp_ln335_1                 | seteq     | auto                   | 0       |
|   grp_fu_5925_p2                             |     |        | and_ln335                    | and       | auto                   | 0       |
|   sdiv_32s_32s_32_36_seq_1_U124              |     |        | res_22                       | sdiv      | auto_seq               | 35      |
|   mul_32ns_32ns_64_1_1_U116                  | 4   |        | mul_ln332                    | mul       | auto                   | 0       |
|   mul_32ns_32s_64_1_1_U117                   | 4   |        | mul_ln330                    | mul       | auto                   | 0       |
|   mul_32s_32s_64_1_1_U119                    | 4   |        | mul_ln328                    | mul       | auto                   | 0       |
|   mul_32s_32s_32_1_1_U118                    | 3   |        | res_18                       | mul       | auto                   | 0       |
|   urem_32s_32s_32_36_seq_1_U125              |     |        | urem_ln344                   | urem      | auto_seq               | 35      |
|   icmp_ln650_fu_6893_p2                      |     |        | icmp_ln650                   | seteq     | auto                   | 0       |
|   add_ln650_fu_6899_p2                       |     |        | add_ln650                    | add       | fabric                 | 0       |
|   icmp_ln650_1_fu_6905_p2                    |     |        | icmp_ln650_1                 | seteq     | auto                   | 0       |
|   link_fu_6946_p2                            |     |        | link                         | add       | fabric                 | 0       |
|   add_ln670_fu_6973_p2                       |     |        | add_ln670                    | add       | fabric                 | 0       |
|   icmp_ln431_fu_6979_p2                      |     |        | icmp_ln431                   | seteq     | auto                   | 0       |
|   icmp_ln433_fu_6985_p2                      |     |        | icmp_ln433                   | setlt     | auto                   | 0       |
|   icmp_ln435_fu_6991_p2                      |     |        | icmp_ln435                   | setlt     | auto                   | 0       |
|   icmp_ln430_fu_6997_p2                      |     |        | icmp_ln430                   | seteq     | auto                   | 0       |
|   icmp_ln430_1_fu_7003_p2                    |     |        | icmp_ln430_1                 | seteq     | auto                   | 0       |
|   icmp_ln430_2_fu_7009_p2                    |     |        | icmp_ln430_2                 | seteq     | auto                   | 0       |
|   icmp_ln430_3_fu_7015_p2                    |     |        | icmp_ln430_3                 | seteq     | auto                   | 0       |
|   icmp_ln430_4_fu_7021_p2                    |     |        | icmp_ln430_4                 | seteq     | auto                   | 0       |
|   icmp_ln430_5_fu_7027_p2                    |     |        | icmp_ln430_5                 | seteq     | auto                   | 0       |
|   icmp_ln436_fu_7033_p2                      |     |        | icmp_ln436                   | setlt     | auto                   | 0       |
|   xor_ln436_fu_7039_p2                       |     |        | xor_ln436                    | xor       | auto                   | 0       |
|   and_ln436_fu_7045_p2                       |     |        | and_ln436                    | and       | auto                   | 0       |
|   and_ln435_fu_7051_p2                       |     |        | and_ln435                    | and       | auto                   | 0       |
|   icmp_ln434_fu_7057_p2                      |     |        | icmp_ln434                   | setlt     | auto                   | 0       |
|   xor_ln434_fu_7063_p2                       |     |        | xor_ln434                    | xor       | auto                   | 0       |
|   and_ln434_fu_7069_p2                       |     |        | and_ln434                    | and       | auto                   | 0       |
|   and_ln433_fu_7075_p2                       |     |        | and_ln433                    | and       | auto                   | 0       |
|   icmp_ln432_fu_7081_p2                      |     |        | icmp_ln432                   | setne     | auto                   | 0       |
|   and_ln432_fu_7087_p2                       |     |        | and_ln432                    | and       | auto                   | 0       |
|   and_ln431_fu_7093_p2                       |     |        | and_ln431                    | and       | auto                   | 0       |
|   or_ln431_fu_7099_p2                        |     |        | or_ln431                     | or        | auto                   | 0       |
|   or_ln431_1_fu_7105_p2                      |     |        | or_ln431_1                   | or        | auto                   | 0       |
|   or_ln431_2_fu_7111_p2                      |     |        | or_ln431_2                   | or        | auto                   | 0       |
|   or_ln431_3_fu_7117_p2                      |     |        | or_ln431_3                   | or        | auto                   | 0       |
|   or_ln431_4_fu_7123_p2                      |     |        | or_ln431_4                   | or        | auto                   | 0       |
|   empty_fu_7129_p3                           |     |        | empty                        | select    | auto_sel               | 0       |
|   add_ln666_fu_7142_p2                       |     |        | add_ln666                    | add       | fabric                 | 0       |
|   addr_1_fu_7211_p2                          |     |        | addr_1                       | add       | fabric                 | 0       |
|   icmp_ln695_fu_7241_p2                      |     |        | icmp_ln695                   | seteq     | auto                   | 0       |
|   sh_2_fu_7280_p2                            |     |        | sh_2                         | lshr      | auto_pipe              | 0       |
|   icmp_ln448_fu_7310_p2                      |     |        | icmp_ln448                   | seteq     | auto                   | 0       |
|   icmp_ln448_1_fu_7315_p2                    |     |        | icmp_ln448_1                 | seteq     | auto                   | 0       |
|   icmp_ln448_2_fu_7320_p2                    |     |        | icmp_ln448_2                 | seteq     | auto                   | 0       |
|   icmp_ln448_3_fu_7325_p2                    |     |        | icmp_ln448_3                 | seteq     | auto                   | 0       |
|   icmp_ln448_4_fu_7330_p2                    |     |        | icmp_ln448_4                 | seteq     | auto                   | 0       |
|   sparsemux_13_5_32_1_1_x_U126               |     |        | res_28                       | sparsemux | onehotencoding_realdef | 0       |
|   and_ln708_fu_7410_p2                       |     |        | and_ln708                    | and       | auto                   | 0       |
|   icmp_ln709_fu_7415_p2                      |     |        | icmp_ln709                   | seteq     | auto                   | 0       |
|   add_ln709_fu_7421_p2                       |     |        | add_ln709                    | add       | fabric                 | 0       |
|   icmp_ln709_1_fu_7427_p2                    |     |        | icmp_ln709_1                 | seteq     | auto                   | 0       |
|   icmp_ln719_fu_7506_p2                      |     |        | icmp_ln719                   | seteq     | auto                   | 0       |
|   and_ln719_fu_7511_p2                       |     |        | and_ln719                    | and       | auto                   | 0       |
|   add_ln725_fu_7541_p2                       |     |        | add_ln725                    | add       | fabric                 | 0       |
|   add_ln725_1_fu_7552_p2                     |     |        | add_ln725_1                  | add       | fabric                 | 0       |
|   add_ln725_2_fu_7563_p2                     |     |        | add_ln725_2                  | add       | fabric                 | 0       |
|   cmp_i_i74_i_fu_7461_p2                     |     |        | cmp_i_i74_i                  | seteq     | auto                   | 0       |
|   cmp_i_i_i_fu_7467_p2                       |     |        | cmp_i_i_i                    | seteq     | auto                   | 0       |
|   grp_fu_5931_p2                             |     |        | add_ln420                    | add       | fabric                 | 0       |
|   grp_fu_5931_p2                             |     |        | add_ln420_1                  | add       | fabric                 | 0       |
|   grp_fu_5931_p2                             |     |        | add_ln420_2                  | add       | fabric                 | 0       |
|   grp_fu_5931_p2                             |     |        | add_ln420_3                  | add       | fabric                 | 0       |
|   grp_fu_5937_p2                             |     |        | sub_ln421                    | sub       | fabric                 | 0       |
|   mul_32s_32s_32_1_1_U118                    | 3   |        | mul_ln422                    | mul       | auto                   | 0       |
|   r_5_fu_7652_p3                             |     |        | r_5                          | select    | auto_sel               | 0       |
|   grp_fu_5937_p2                             |     |        | sub_ln421_1                  | sub       | fabric                 | 0       |
|   mul_32s_32s_32_1_1_U118                    | 3   |        | mul_ln422_1                  | mul       | auto                   | 0       |
|   r_6_fu_7690_p3                             |     |        | r_6                          | select    | auto_sel               | 0       |
|   grp_fu_5937_p2                             |     |        | sub_ln421_2                  | sub       | fabric                 | 0       |
|   mul_32s_32s_32_1_1_U118                    | 3   |        | mul_ln422_2                  | mul       | auto                   | 0       |
|   r_7_fu_7728_p3                             |     |        | r_7                          | select    | auto_sel               | 0       |
|   grp_fu_5937_p2                             |     |        | sub_ln421_3                  | sub       | fabric                 | 0       |
|   mul_32s_32s_32_1_1_U118                    | 3   |        | mul_ln422_3                  | mul       | auto                   | 0       |
|   r_fu_7766_p3                               |     |        | r                            | select    | auto_sel               | 0       |
|   r_1_2_i173_fu_7735_p3                      |     |        | r_1_2_i173                   | select    | auto_sel               | 0       |
|   r_1_i163165171_fu_7659_p3                  |     |        | r_1_i163165171               | select    | auto_sel               | 0       |
|   r_1_1_i167169_fu_7697_p3                   |     |        | r_1_1_i167169                | select    | auto_sel               | 0       |
|   r_3_fu_7773_p3                             |     |        | r_3                          | select    | auto_sel               | 0       |
|   icmp_ln744_fu_7816_p2                      |     |        | icmp_ln744                   | seteq     | auto                   | 0       |
|   and_ln744_fu_7822_p2                       |     |        | and_ln744                    | and       | auto                   | 0       |
|   icmp_ln227_fu_7869_p2                      |     |        | icmp_ln227                   | seteq     | auto                   | 0       |
|   icmp_ln227_1_fu_7875_p2                    |     |        | icmp_ln227_1                 | seteq     | auto                   | 0       |
|   icmp_ln227_2_fu_7881_p2                    |     |        | icmp_ln227_2                 | seteq     | auto                   | 0       |
|   icmp_ln227_3_fu_7887_p2                    |     |        | icmp_ln227_3                 | seteq     | auto                   | 0       |
|   icmp_ln227_4_fu_7893_p2                    |     |        | icmp_ln227_4                 | seteq     | auto                   | 0       |
|   icmp_ln227_5_fu_7899_p2                    |     |        | icmp_ln227_5                 | seteq     | auto                   | 0       |
|   icmp_ln227_6_fu_7905_p2                    |     |        | icmp_ln227_6                 | seteq     | auto                   | 0       |
|   icmp_ln227_7_fu_7911_p2                    |     |        | icmp_ln227_7                 | seteq     | auto                   | 0       |
|   icmp_ln227_8_fu_7917_p2                    |     |        | icmp_ln227_8                 | seteq     | auto                   | 0       |
|   sparsemux_21_9_32_1_1_U127                 |     |        | old_8                        | sparsemux | onehotencoding_realdef | 0       |
|   newv_fu_8083_p4                            |     |        | or_ln752                     | or        | auto                   | 0       |
|   xor_ln754_fu_8007_p2                       |     |        | xor_ln754                    | xor       | auto                   | 0       |
|   newv_fu_8083_p2                            |     |        | and_ln754                    | and       | auto                   | 0       |
|   icmp_ln748_fu_8019_p2                      |     |        | icmp_ln748                   | seteq     | auto                   | 0       |
|   icmp_ln748_1_fu_8025_p2                    |     |        | icmp_ln748_1                 | seteq     | auto                   | 0       |
|   or_ln748_fu_8031_p2                        |     |        | or_ln748                     | or        | auto                   | 0       |
|   icmp_ln748_2_fu_8037_p2                    |     |        | icmp_ln748_2                 | seteq     | auto                   | 0       |
|   icmp_ln748_3_fu_8043_p2                    |     |        | icmp_ln748_3                 | seteq     | auto                   | 0       |
|   or_ln748_1_fu_8049_p2                      |     |        | or_ln748_1                   | or        | auto                   | 0       |
|   icmp_ln748_4_fu_8055_p2                    |     |        | icmp_ln748_4                 | seteq     | auto                   | 0       |
|   icmp_ln748_5_fu_8061_p2                    |     |        | icmp_ln748_5                 | seteq     | auto                   | 0       |
|   or_ln748_2_fu_8067_p2                      |     |        | or_ln748_2                   | or        | auto                   | 0       |
|   sparsemux_9_3_32_1_1_U128                  |     |        | newv                         | sparsemux | onehotencoding_realdef | 0       |
|   and_ln767_fu_8169_p2                       |     |        | and_ln767                    | and       | auto                   | 0       |
|   alu_rs_executing_0_loc_0_not_fu_8175_p2    |     |        | alu_rs_executing_0_loc_0_not | xor       | auto                   | 0       |
|   not_sel_tmp41_fu_8181_p2                   |     |        | not_sel_tmp41                | and       | auto                   | 0       |
|   or_ln767_1_fu_8187_p2                      |     |        | or_ln767_1                   | and       | auto                   | 0       |
|   alu_rs_executing_0_flag_1_fu_8193_p2       |     |        | alu_rs_executing_0_flag_1    | or        | auto                   | 0       |
|   alu_rs_remaining_0_flag_2_fu_8199_p2       |     |        | alu_rs_remaining_0_flag_2    | or        | auto                   | 0       |
|   and_ln767_1_fu_8219_p2                     |     |        | and_ln767_1                  | and       | auto                   | 0       |
|   alu_rs_executing_1_loc_0_not_fu_8225_p2    |     |        | alu_rs_executing_1_loc_0_not | xor       | auto                   | 0       |
|   not_sel_tmp76_fu_8231_p2                   |     |        | not_sel_tmp76                | and       | auto                   | 0       |
|   or_ln767_4_fu_8237_p2                      |     |        | or_ln767_4                   | and       | auto                   | 0       |
|   alu_rs_executing_1_flag_1_fu_8243_p2       |     |        | alu_rs_executing_1_flag_1    | or        | auto                   | 0       |
|   alu_rs_remaining_1_flag_1_fu_8249_p2       |     |        | alu_rs_remaining_1_flag_1    | or        | auto                   | 0       |
|   select_ln775_fu_8276_p3                    |     |        | select_ln775                 | select    | auto_sel               | 0       |
|   sel_tmp91_fu_8284_p2                       |     |        | sel_tmp91                    | xor       | auto                   | 0       |
|   and_ln772_fu_8290_p2                       |     |        | and_ln772                    | and       | auto                   | 0       |
|   and_ln772_1_fu_8296_p2                     |     |        | and_ln772_1                  | and       | auto                   | 0       |
|   and_ln772_2_fu_8302_p2                     |     |        | and_ln772_2                  | and       | auto                   | 0       |
|   md_rs_executing_flag_2_fu_8308_p2          |     |        | md_rs_executing_flag_2       | or        | auto                   | 0       |
|   md_rs_remaining_flag_3_fu_8314_p2          |     |        | md_rs_remaining_flag_3       | or        | auto                   | 0       |
|   md_rs_remaining_new_3_fu_8320_p3           |     |        | md_rs_remaining_new_3        | select    | auto_sel               | 0       |
|   icmp_ln780_fu_8350_p2                      |     |        | icmp_ln780                   | seteq     | auto                   | 0       |
|   icmp_ln785_fu_8384_p2                      |     |        | icmp_ln785                   | seteq     | auto                   | 0       |
|   icmp_ln787_fu_8390_p2                      |     |        | icmp_ln787                   | seteq     | auto                   | 0       |
|   or_ln785_fu_8396_p2                        |     |        | or_ln785                     | or        | auto                   | 0       |
|   fpu_rs_remaining_new_3_fu_8540_p6          |     |        | select_ln785_cast_cast       | select    | auto_sel               | 0       |
|   sel_tmp111_fu_8410_p2                      |     |        | sel_tmp111                   | xor       | auto                   | 0       |
|   and_ln778_fu_8416_p2                       |     |        | and_ln778                    | and       | auto                   | 0       |
|   and_ln778_1_fu_8422_p2                     |     |        | and_ln778_1                  | and       | auto                   | 0       |
|   and_ln778_2_fu_8428_p2                     |     |        | and_ln778_2                  | and       | auto                   | 0       |
|   and_ln778_3_fu_8434_p2                     |     |        | and_ln778_3                  | and       | auto                   | 0       |
|   fpu_rs_executing_flag_2_fu_8440_p2         |     |        | fpu_rs_executing_flag_2      | or        | auto                   | 0       |
|   fpu_rs_remaining_flag_3_fu_8446_p2         |     |        | fpu_rs_remaining_flag_3      | or        | auto                   | 0       |
|   xor_ln780_fu_8452_p2                       |     |        | xor_ln780                    | xor       | auto                   | 0       |
|   and_ln780_fu_8458_p2                       |     |        | and_ln780                    | and       | auto                   | 0       |
|   xor_ln777_fu_8464_p2                       |     |        | xor_ln777                    | xor       | auto                   | 0       |
|   or_ln778_fu_8470_p2                        |     |        | or_ln778                     | or        | auto                   | 0       |
|   and_ln778_4_fu_8476_p2                     |     |        | and_ln778_4                  | and       | auto                   | 0       |
|   and_ln778_5_fu_8482_p2                     |     |        | and_ln778_5                  | and       | auto                   | 0       |
|   xor_ln778_fu_8488_p2                       |     |        | xor_ln778                    | xor       | auto                   | 0       |
|   or_ln778_1_fu_8494_p2                      |     |        | or_ln778_1                   | or        | auto                   | 0       |
|   icmp_ln782_fu_8500_p2                      |     |        | icmp_ln782                   | setne     | auto                   | 0       |
|   icmp_ln782_1_fu_8506_p2                    |     |        | icmp_ln782_1                 | setne     | auto                   | 0       |
|   and_ln782_fu_8512_p2                       |     |        | and_ln782                    | and       | auto                   | 0       |
|   and_ln782_1_fu_8518_p2                     |     |        | and_ln782_1                  | and       | auto                   | 0       |
|   and_ln782_2_fu_8524_p2                     |     |        | and_ln782_2                  | and       | auto                   | 0       |
|   sparsemux_9_3_4_1_1_U129                   |     |        | fpu_rs_remaining_new_3       | sparsemux | onehotencoding_realdef | 0       |
|   and_ln793_fu_8578_p2                       |     |        | and_ln793                    | and       | auto                   | 0       |
|   br_rs_executing_loc_0_not_fu_8584_p2       |     |        | br_rs_executing_loc_0_not    | xor       | auto                   | 0       |
|   not_sel_tmp159_fu_8590_p2                  |     |        | not_sel_tmp159               | and       | auto                   | 0       |
|   or_ln793_1_fu_8596_p2                      |     |        | or_ln793_1                   | and       | auto                   | 0       |
|   br_rs_executing_flag_1_fu_8602_p2          |     |        | br_rs_executing_flag_1       | or        | auto                   | 0       |
|   xor_ln797_fu_8608_p2                       |     |        | xor_ln797                    | xor       | auto                   | 0       |
|   select_ln797_fu_8614_p3                    |     |        | select_ln797                 | select    | auto_sel               | 0       |
|   and_ln708_1_fu_8622_p2                     |     |        | and_ln708_1                  | and       | auto                   | 0       |
|   or_ln797_fu_8627_p2                        |     |        | or_ln797                     | and       | auto                   | 0       |
|   vec_rs_executing_flag_1_fu_8633_p2         |     |        | vec_rs_executing_flag_1      | or        | auto                   | 0       |
|   vec_rs_remaining_flag_3_fu_8639_p2         |     |        | vec_rs_remaining_flag_3      | or        | auto                   | 0       |
|   vec_rs_remaining_new_3_fu_8645_p3          |     |        | vec_rs_remaining_new_3       | select    | auto_sel               | 0       |
|   or_ln805_fu_8667_p2                        |     |        | or_ln805                     | or        | auto                   | 0       |
|   add_ln814_fu_8688_p2                       |     |        | add_ln814                    | add       | fabric                 | 0       |
|   half_lo_2_fu_8723_p3                       |     |        | half_lo_2                    | select    | auto_sel               | 0       |
|   half_hi_1_fu_8736_p3                       |     |        | half_hi_1                    | select    | auto_sel               | 0       |
|   icmp_ln818_fu_8744_p2                      |     |        | icmp_ln818                   | seteq     | auto                   | 0       |
|   icmp_ln823_fu_8750_p2                      |     |        | icmp_ln823                   | seteq     | auto                   | 0       |
|   next_fetch_fu_8883_p2                      |     |        | next_fetch                   | add       | fabric                 | 0       |
|   grp_fu_5943_p2                             |     |        | icmp_ln1051                  | seteq     | auto                   | 0       |
|   icmp_ln1053_fu_8928_p2                     |     |        | icmp_ln1053                  | seteq     | auto                   | 0       |
|   grp_fu_5943_p2                             |     |        | icmp_ln1024                  | seteq     | auto                   | 0       |
|   icmp_ln1024_1_fu_8944_p2                   |     |        | icmp_ln1024_1                | seteq     | auto                   | 0       |
|   is_add_fu_8950_p2                          |     |        | is_add                       | and       | auto                   | 0       |
|   icmp_ln1025_fu_8956_p2                     |     |        | icmp_ln1025                  | seteq     | auto                   | 0       |
|   is_sub_fu_8962_p2                          |     |        | is_sub                       | and       | auto                   | 0       |
|   icmp_ln1026_fu_8968_p2                     |     |        | icmp_ln1026                  | seteq     | auto                   | 0       |
|   icmp_ln1026_1_fu_8974_p2                   |     |        | icmp_ln1026_1                | seteq     | auto                   | 0       |
|   is_mul_fu_8980_p2                          |     |        | is_mul                       | and       | auto                   | 0       |
|   or_ln1027_fu_8986_p2                       |     |        | or_ln1027                    | or        | auto                   | 0       |
|   or_ln1027_1_fu_8992_p2                     |     |        | or_ln1027_1                  | or        | auto                   | 0       |
|   xor_ln1034_fu_9016_p2                      |     |        | xor_ln1034                   | xor       | auto                   | 0       |
|   select_ln1034_fu_9026_p3                   |     |        | select_ln1034                | select    | auto_sel               | 0       |
|   icmp_ln1000_fu_9444_p2                     |     |        | icmp_ln1000                  | seteq     | auto                   | 0       |
|   select_ln1014_fu_9527_p3                   |     |        | select_ln1014                | select    | auto_sel               | 0       |
|   icmp_ln970_fu_9068_p2                      |     |        | icmp_ln970                   | seteq     | auto                   | 0       |
|   icmp_ln970_1_fu_9074_p2                    |     |        | icmp_ln970_1                 | seteq     | auto                   | 0       |
|   icmp_ln970_2_fu_9080_p2                    |     |        | icmp_ln970_2                 | seteq     | auto                   | 0       |
|   or_ln970_fu_9086_p2                        |     |        | or_ln970                     | or        | auto                   | 0       |
|   or_ln970_1_fu_9092_p2                      |     |        | or_ln970_1                   | or        | auto                   | 0       |
|   not_sel_tmp182_fu_9098_p2                  |     |        | not_sel_tmp182               | xor       | auto                   | 0       |
|   icmp_ln484_fu_9139_p2                      |     |        | icmp_ln484                   | seteq     | auto                   | 0       |
|   icmp_ln484_1_fu_9145_p2                    |     |        | icmp_ln484_1                 | seteq     | auto                   | 0       |
|   or_ln484_fu_9151_p2                        |     |        | or_ln484                     | or        | auto                   | 0       |
|   icmp_ln484_4_fu_9552_p2                    |     |        | icmp_ln484_4                 | seteq     | auto                   | 0       |
|   or_ln484_2_fu_9557_p2                      |     |        | or_ln484_2                   | or        | auto                   | 0       |
|   icmp_ln484_5_fu_9562_p2                    |     |        | icmp_ln484_5                 | seteq     | auto                   | 0       |
|   or_ln484_3_fu_9567_p2                      |     |        | or_ln484_3                   | or        | auto                   | 0       |
|   icmp_ln484_6_fu_9573_p2                    |     |        | icmp_ln484_6                 | seteq     | auto                   | 0       |
|   or_ln484_4_fu_9578_p2                      |     |        | or_ln484_4                   | or        | auto                   | 0       |
|   icmp_ln484_7_fu_9584_p2                    |     |        | icmp_ln484_7                 | seteq     | auto                   | 0       |
|   or_ln484_5_fu_9589_p2                      |     |        | or_ln484_5                   | or        | auto                   | 0       |
|   icmp_ln484_8_fu_9595_p2                    |     |        | icmp_ln484_8                 | seteq     | auto                   | 0       |
|   or_ln484_6_fu_9600_p2                      |     |        | or_ln484_6                   | or        | auto                   | 0       |
|   icmp_ln484_9_fu_9606_p2                    |     |        | icmp_ln484_9                 | seteq     | auto                   | 0       |
|   or_ln484_7_fu_9611_p2                      |     |        | or_ln484_7                   | or        | auto                   | 0       |
|   icmp_ln953_fu_9157_p2                      |     |        | icmp_ln953                   | seteq     | auto                   | 0       |
|   cond_fu_9191_p6                            |     |        | select_ln952                 | select    | auto_sel               | 0       |
|   icmp_ln951_fu_9171_p2                      |     |        | icmp_ln951                   | seteq     | auto                   | 0       |
|   icmp_ln951_1_fu_9177_p2                    |     |        | icmp_ln951_1                 | seteq     | auto                   | 0       |
|   sparsemux_7_2_3_1_1_U130                   |     |        | cond                         | sparsemux | onehotencoding_realdef | 0       |
|   icmp_ln900_fu_9234_p2                      |     |        | icmp_ln900                   | seteq     | auto                   | 0       |
|   icmp_ln924_fu_9752_p2                      |     |        | icmp_ln924                   | seteq     | auto                   | 0       |
|   icmp_ln924_1_fu_9757_p2                    |     |        | icmp_ln924_1                 | seteq     | auto                   | 0       |
|   is_fp_fu_9762_p2                           |     |        | is_fp                        | or        | auto                   | 0       |
|   icmp_ln925_fu_9768_p2                      |     |        | icmp_ln925                   | seteq     | auto                   | 0       |
|   is_load_fu_9773_p2                         |     |        | is_load                      | or        | auto                   | 0       |
|   icmp_ln484_2_fu_9251_p2                    |     |        | icmp_ln484_2                 | seteq     | auto                   | 0       |
|   icmp_ln484_3_fu_9257_p2                    |     |        | icmp_ln484_3                 | seteq     | auto                   | 0       |
|   or_ln484_1_fu_9263_p2                      |     |        | or_ln484_1                   | or        | auto                   | 0       |
|   xor_ln940_fu_9839_p2                       |     |        | xor_ln940                    | xor       | auto                   | 0       |
|   and_ln941_fu_9845_p2                       |     |        | and_ln941                    | and       | auto                   | 0       |
|   select_ln942_fu_9868_p3                    |     |        | select_ln942                 | select    | auto_sel               | 0       |
|   icmp_ln909_fu_9269_p2                      |     |        | icmp_ln909                   | seteq     | auto                   | 0       |
|   xor_ln910_fu_9281_p2                       |     |        | xor_ln910                    | xor       | auto                   | 0       |
|   icmp_ln860_fu_9304_p2                      |     |        | icmp_ln860                   | seteq     | auto                   | 0       |
|   icmp_ln878_fu_9943_p2                      |     |        | icmp_ln878                   | seteq     | auto                   | 0       |
|   icmp_ln881_fu_10017_p2                     |     |        | icmp_ln881                   | seteq     | auto                   | 0       |
|   icmp_ln888_fu_10022_p2                     |     |        | icmp_ln888                   | seteq     | auto                   | 0       |
|   and_ln888_fu_10035_p2                      |     |        | and_ln888                    | and       | auto                   | 0       |
|   icmp_ln484_10_fu_10077_p2                  |     |        | icmp_ln484_10                | seteq     | auto                   | 0       |
|   or_ln484_8_fu_10082_p2                     |     |        | or_ln484_8                   | or        | auto                   | 0       |
|   icmp_ln882_fu_10128_p2                     |     |        | icmp_ln882                   | seteq     | auto                   | 0       |
|   add_ln855_fu_9329_p2                       |     |        | add_ln855                    | add       | fabric                 | 0       |
|   next_fetch_1_fu_10273_p2                   |     |        | next_fetch_1                 | add       | fabric                 | 0       |
|   icmp_ln1113_fu_10181_p2                    |     |        | icmp_ln1113                  | seteq     | auto                   | 0       |
|   add_ln1120_fu_9881_p2                      |     |        | add_ln1120                   | add       | fabric                 | 0       |
|   add_ln1121_fu_9892_p2                      |     |        | add_ln1121                   | add       | fabric                 | 0       |
|   icmp_ln1127_fu_10283_p2                    |     |        | icmp_ln1127                  | seteq     | auto                   | 0       |
|   and_ln1127_fu_10289_p2                     |     |        | and_ln1127                   | and       | auto                   | 0       |
|  + cdb_broadcast                             | 0   |        |                              |           |                        |         |
|    icmp_ln180_fu_144_p2                      |     |        | icmp_ln180                   | setne     | auto                   | 0       |
|    or_ln180_fu_150_p2                        |     |        | or_ln180                     | or        | auto                   | 0       |
|    icmp_ln183_fu_176_p2                      |     |        | icmp_ln183                   | setne     | auto                   | 0       |
|    or_ln183_fu_182_p2                        |     |        | or_ln183                     | or        | auto                   | 0       |
|    icmp_ln180_1_fu_212_p2                    |     |        | icmp_ln180_1                 | setne     | auto                   | 0       |
|    or_ln180_1_fu_218_p2                      |     |        | or_ln180_1                   | or        | auto                   | 0       |
|    icmp_ln183_1_fu_244_p2                    |     |        | icmp_ln183_1                 | setne     | auto                   | 0       |
|    or_ln183_1_fu_250_p2                      |     |        | or_ln183_1                   | or        | auto                   | 0       |
|    icmp_ln187_fu_280_p2                      |     |        | icmp_ln187                   | setne     | auto                   | 0       |
|    or_ln187_fu_286_p2                        |     |        | or_ln187                     | or        | auto                   | 0       |
|    icmp_ln190_fu_312_p2                      |     |        | icmp_ln190                   | setne     | auto                   | 0       |
|    or_ln190_fu_318_p2                        |     |        | or_ln190                     | or        | auto                   | 0       |
|    icmp_ln193_fu_348_p2                      |     |        | icmp_ln193                   | setne     | auto                   | 0       |
|    or_ln193_fu_354_p2                        |     |        | or_ln193                     | or        | auto                   | 0       |
|    icmp_ln196_fu_380_p2                      |     |        | icmp_ln196                   | setne     | auto                   | 0       |
|    or_ln196_fu_386_p2                        |     |        | or_ln196                     | or        | auto                   | 0       |
|    icmp_ln199_fu_416_p2                      |     |        | icmp_ln199                   | setne     | auto                   | 0       |
|    or_ln199_fu_422_p2                        |     |        | or_ln199                     | or        | auto                   | 0       |
|    icmp_ln202_fu_448_p2                      |     |        | icmp_ln202                   | setne     | auto                   | 0       |
|    or_ln202_fu_454_p2                        |     |        | or_ln202                     | or        | auto                   | 0       |
|    icmp_ln205_fu_484_p2                      |     |        | icmp_ln205                   | setne     | auto                   | 0       |
|    or_ln205_fu_490_p2                        |     |        | or_ln205                     | or        | auto                   | 0       |
|    icmp_ln208_fu_516_p2                      |     |        | icmp_ln208                   | setne     | auto                   | 0       |
|    or_ln208_fu_522_p2                        |     |        | or_ln208                     | or        | auto                   | 0       |
|    icmp_ln211_fu_548_p2                      |     |        | icmp_ln211                   | setne     | auto                   | 0       |
|    or_ln211_fu_554_p2                        |     |        | or_ln211                     | or        | auto                   | 0       |
|    icmp_ln214_fu_584_p2                      |     |        | icmp_ln214                   | setne     | auto                   | 0       |
|    or_ln214_fu_590_p2                        |     |        | or_ln214                     | or        | auto                   | 0       |
|    icmp_ln217_fu_620_p2                      |     |        | icmp_ln217                   | setne     | auto                   | 0       |
|    or_ln217_fu_626_p2                        |     |        | or_ln217                     | or        | auto                   | 0       |
|  + fpu_compute                               | 5   |        |                              |           |                        |         |
|    icmp_ln386_1_fu_543_p2                    |     |        | icmp_ln386_1                 | seteq     | auto                   | 0       |
|    grp_fu_392_p2                             |     |        | xor_ln362                    | xor       | auto                   | 0       |
|    fmul_32ns_32ns_32_3_max_dsp_1_U57         | 3   |        | mul_i_i_i5                   | fmul      | maxdsp                 | 2       |
|    faddfsub_32ns_32ns_32_4_full_dsp_1_U56    | 2   |        | add_i_i_i6                   | fsub      | fulldsp                | 3       |
|    grp_fu_392_p2                             |     |        | xor_ln361                    | xor       | auto                   | 0       |
|    fmul_32ns_32ns_32_3_max_dsp_1_U57         | 3   |        | mul_i_i_i3                   | fmul      | maxdsp                 | 2       |
|    faddfsub_32ns_32ns_32_4_full_dsp_1_U56    | 2   |        | add_i_i_i4                   | fsub      | fulldsp                | 3       |
|    fmul_32ns_32ns_32_3_max_dsp_1_U57         | 3   |        | mul_i_i_i1                   | fmul      | maxdsp                 | 2       |
|    faddfsub_32ns_32ns_32_4_full_dsp_1_U56    | 2   |        | add_i_i_i2                   | fsub      | fulldsp                | 3       |
|    fmul_32ns_32ns_32_3_max_dsp_1_U57         | 3   |        | mul_i_i_i                    | fmul      | maxdsp                 | 2       |
|    faddfsub_32ns_32ns_32_4_full_dsp_1_U56    | 2   |        | add_i_i_i                    | fsub      | fulldsp                | 3       |
|    icmp_ln401_fu_562_p2                      |     |        | icmp_ln401                   | seteq     | auto                   | 0       |
|    grp_fu_427_p2                             |     |        | icmp_ln538                   | setne     | auto                   | 0       |
|    grp_fu_433_p2                             |     |        | or_ln538                     | or        | auto                   | 0       |
|    fcmp_32ns_32ns_1_2_no_dsp_1_U61           |     |        | tmp_31                       | fcmp      | auto                   | 1       |
|    grp_fu_438_p2                             |     |        | and_ln538                    | and       | auto                   | 0       |
|    fcmp_32ns_32ns_1_2_no_dsp_1_U62           |     |        | cmp_i_i                      | fcmp      | auto                   | 1       |
|    fcmp_32ns_32ns_1_2_no_dsp_1_U63           |     |        | tmp_32                       | fcmp      | auto                   | 1       |
|    and_ln538_1_fu_766_p2                     |     |        | and_ln538_1                  | and       | auto                   | 0       |
|    fcmp_32ns_32ns_1_2_no_dsp_1_U64           |     |        | tmp_34                       | fcmp      | auto                   | 1       |
|    and_ln538_2_fu_772_p2                     |     |        | and_ln538_2                  | and       | auto                   | 0       |
|    fpclassify_result_i_i_fu_826_p8           |     |        | select_ln538                 | select    | auto_sel               | 0       |
|    xor_ln538_fu_786_p2                       |     |        | xor_ln538                    | xor       | auto                   | 0       |
|    and_ln538_3_fu_792_p2                     |     |        | and_ln538_3                  | and       | auto                   | 0       |
|    or_ln538_1_fu_798_p2                      |     |        | or_ln538_1                   | or        | auto                   | 0       |
|    xor_ln538_1_fu_804_p2                     |     |        | xor_ln538_1                  | xor       | auto                   | 0       |
|    and_ln538_4_fu_810_p2                     |     |        | and_ln538_4                  | and       | auto                   | 0       |
|    sparsemux_9_3_3_1_1_U66                   |     |        | fpclassify_result_i_i        | sparsemux | onehotencoding_realdef | 0       |
|    select_ln66_fu_850_p3                     |     |        | select_ln66                  | select    | auto_sel               | 0       |
|    select_ln65_fu_858_p3                     |     |        | select_ln65                  | select    | auto_sel               | 0       |
|    select_ln63_cast_cast_fu_873_p3           |     |        | select_ln63_cast_cast        | select    | auto_sel               | 0       |
|    select_ln60_fu_881_p3                     |     |        | select_ln60                  | select    | auto_sel               | 0       |
|    select_ln68_fu_889_p3                     |     |        | select_ln68                  | select    | auto_sel               | 0       |
|    grp_fu_398_p2                             |     |        | icmp_ln397                   | seteq     | auto                   | 0       |
|    uitofp_32ns_32_4_no_dsp_1_U59             |     |        | conv                         | uitofp    | auto                   | 3       |
|    sitofp_32ns_32_4_no_dsp_1_U60             |     |        | conv1                        | sitofp    | auto                   | 3       |
|    select_ln397_fu_897_p3                    |     |        | select_ln397                 | select    | auto_sel               | 0       |
|    grp_fu_398_p2                             |     |        | icmp_ln392                   | seteq     | auto                   | 0       |
|    fcmp_32ns_32ns_1_2_no_dsp_1_U61           |     |        | cmp_i_i8                     | fcmp      | auto                   | 1       |
|    grp_fu_427_p2                             |     |        | icmp_ln39                    | setne     | auto                   | 0       |
|    grp_fu_433_p2                             |     |        | or_ln39                      | or        | auto                   | 0       |
|    fcmp_32ns_32ns_1_2_no_dsp_1_U61           |     |        | tmp_29                       | fcmp      | auto                   | 1       |
|    and_ln39_fu_908_p2                        |     |        | and_ln39                     | and       | auto                   | 0       |
|    or_ln38_fu_914_p2                         |     |        | or_ln38                      | or        | auto                   | 0       |
|    fcmp_32ns_32ns_1_2_no_dsp_1_U61           |     |        | tmp_37                       | fcmp      | auto                   | 1       |
|    and_ln40_fu_919_p2                        |     |        | and_ln40                     | and       | auto                   | 0       |
|    grp_fu_467_p2                             |     |        | icmp_ln34                    | setlt     | auto                   | 0       |
|    grp_fu_473_p2                             |     |        | icmp_ln34_1                  | seteq     | auto                   | 0       |
|    and_ln34_fu_931_p2                        |     |        | and_ln34                     | and       | auto                   | 0       |
|    grp_fu_479_p2                             |     |        | icmp_ln37                    | setgt     | auto                   | 0       |
|    bitselect_1ns_32ns_32s_1_1_1_U67          |     |        | tmp_49                       | bitselect | auto                   | 0       |
|    one_half_1_fu_963_p2                      |     |        | one_half_1                   | add       | fabric                 | 0       |
|    one_half_2_fu_969_p3                      |     |        | one_half_2                   | select    | auto_sel               | 0       |
|    data_4_fu_981_p2                          |     |        | data_4                       | add       | fabric                 | 0       |
|    xor_ln77_fu_990_p2                        |     |        | xor_ln77                     | xor       | auto                   | 0       |
|    xs_sig_1_fu_996_p2                        |     |        | xs_sig_1                     | and       | auto                   | 0       |
|    or_ln34_fu_1024_p2                        |     |        | or_ln34                      | or        | auto                   | 0       |
|    xor_ln34_fu_1030_p2                       |     |        | xor_ln34                     | xor       | auto                   | 0       |
|    and_ln37_fu_1036_p2                       |     |        | and_ln37                     | and       | auto                   | 0       |
|    sparsemux_7_2_32_1_1_U68                  |     |        | dc_7                         | sparsemux | onehotencoding_realdef | 0       |
|    add_ln317_fu_1110_p2                      |     |        | add_ln317                    | add       | fabric                 | 0       |
|    sub_ln18_fu_1124_p2                       |     |        | sub_ln18                     | sub       | fabric                 | 0       |
|    select_ln18_fu_1134_p3                    |     |        | select_ln18                  | select    | auto_sel               | 0       |
|    lshr_ln18_fu_1150_p2                      |     |        | lshr_ln18                    | lshr      | auto_pipe              | 0       |
|    shl_ln18_fu_1156_p2                       |     |        | shl_ln18                     | shl       | auto_pipe              | 0       |
|    val_2_fu_1182_p3                          |     |        | val_2                        | select    | auto_sel               | 0       |
|    result_1_fu_1190_p2                       |     |        | result_1                     | sub       | fabric                 | 0       |
|    result_2_fu_1196_p3                       |     |        | result_2                     | select    | auto_sel               | 0       |
|    grp_fu_427_p2                             |     |        | icmp_ln47                    | setne     | auto                   | 0       |
|    grp_fu_433_p2                             |     |        | or_ln47                      | or        | auto                   | 0       |
|    fcmp_32ns_32ns_1_2_no_dsp_1_U61           |     |        | tmp_36                       | fcmp      | auto                   | 1       |
|    grp_fu_438_p2                             |     |        | and_ln47                     | and       | auto                   | 0       |
|    fcmp_32ns_32ns_1_2_no_dsp_1_U61           |     |        | tmp_38                       | fcmp      | auto                   | 1       |
|    and_ln48_fu_1204_p2                       |     |        | and_ln48                     | and       | auto                   | 0       |
|    grp_fu_467_p2                             |     |        | icmp_ln34_2                  | setlt     | auto                   | 0       |
|    grp_fu_473_p2                             |     |        | icmp_ln34_3                  | seteq     | auto                   | 0       |
|    and_ln34_1_fu_1216_p2                     |     |        | and_ln34_1                   | and       | auto                   | 0       |
|    grp_fu_479_p2                             |     |        | icmp_ln37_1                  | setgt     | auto                   | 0       |
|    bitselect_1ns_32ns_32s_1_1_1_U69          |     |        | tmp_53                       | bitselect | auto                   | 0       |
|    one_half_4_fu_1248_p2                     |     |        | one_half_4                   | add       | fabric                 | 0       |
|    one_half_5_fu_1254_p3                     |     |        | one_half_5                   | select    | auto_sel               | 0       |
|    data_6_fu_1266_p2                         |     |        | data_6                       | add       | fabric                 | 0       |
|    xor_ln77_1_fu_1275_p2                     |     |        | xor_ln77_1                   | xor       | auto                   | 0       |
|    xs_sig_2_fu_1281_p2                       |     |        | xs_sig_2                     | and       | auto                   | 0       |
|    or_ln34_1_fu_1309_p2                      |     |        | or_ln34_1                    | or        | auto                   | 0       |
|    xor_ln34_1_fu_1315_p2                     |     |        | xor_ln34_1                   | xor       | auto                   | 0       |
|    and_ln37_1_fu_1321_p2                     |     |        | and_ln37_1                   | and       | auto                   | 0       |
|    sparsemux_7_2_32_1_1_U70                  |     |        | dc_8                         | sparsemux | onehotencoding_realdef | 0       |
|    add_ln317_1_fu_1386_p2                    |     |        | add_ln317_1                  | add       | fabric                 | 0       |
|    sub_ln71_fu_1400_p2                       |     |        | sub_ln71                     | sub       | fabric                 | 0       |
|    select_ln71_fu_1409_p3                    |     |        | select_ln71                  | select    | auto_sel               | 0       |
|    lshr_ln71_fu_1425_p2                      |     |        | lshr_ln71                    | lshr      | auto_pipe              | 0       |
|    shl_ln71_fu_1431_p2                       |     |        | shl_ln71                     | shl       | auto_pipe              | 0       |
|    val_fu_1457_p3                            |     |        | val                          | select    | auto_sel               | 0       |
|    grp_fu_427_p2                             |     |        | icmp_ln388                   | setne     | auto                   | 0       |
|    or_ln388_fu_1465_p2                       |     |        | or_ln388                     | or        | auto                   | 0       |
|    grp_fu_412_p2                             |     |        | icmp_ln388_1                 | setne     | auto                   | 0       |
|    icmp_ln388_2_fu_582_p2                    |     |        | icmp_ln388_2                 | seteq     | auto                   | 0       |
|    or_ln388_1_fu_1470_p2                     |     |        | or_ln388_1                   | or        | auto                   | 0       |
|    and_ln388_fu_1474_p2                      |     |        | and_ln388                    | and       | auto                   | 0       |
|    fcmp_32ns_32ns_1_2_no_dsp_1_U61           |     |        | tmp_27                       | fcmp      | auto                   | 1       |
|    and_ln388_1_fu_1480_p2                    |     |        | and_ln388_1                  | and       | auto                   | 0       |
|    grp_fu_427_p2                             |     |        | icmp_ln387                   | setne     | auto                   | 0       |
|    or_ln387_fu_1486_p2                       |     |        | or_ln387                     | or        | auto                   | 0       |
|    grp_fu_412_p2                             |     |        | icmp_ln387_1                 | setne     | auto                   | 0       |
|    icmp_ln387_2_fu_592_p2                    |     |        | icmp_ln387_2                 | seteq     | auto                   | 0       |
|    or_ln387_1_fu_1491_p2                     |     |        | or_ln387_1                   | or        | auto                   | 0       |
|    and_ln387_fu_1495_p2                      |     |        | and_ln387                    | and       | auto                   | 0       |
|    fcmp_32ns_32ns_1_2_no_dsp_1_U61           |     |        | tmp_22                       | fcmp      | auto                   | 1       |
|    and_ln387_1_fu_1501_p2                    |     |        | and_ln387_1                  | and       | auto                   | 0       |
|    grp_fu_427_p2                             |     |        | icmp_ln386                   | setne     | auto                   | 0       |
|    or_ln386_fu_1507_p2                       |     |        | or_ln386                     | or        | auto                   | 0       |
|    grp_fu_412_p2                             |     |        | icmp_ln386_2                 | setne     | auto                   | 0       |
|    icmp_ln386_3_fu_602_p2                    |     |        | icmp_ln386_3                 | seteq     | auto                   | 0       |
|    or_ln386_1_fu_1512_p2                     |     |        | or_ln386_1                   | or        | auto                   | 0       |
|    and_ln386_fu_1516_p2                      |     |        | and_ln386                    | and       | auto                   | 0       |
|    fcmp_32ns_32ns_1_2_no_dsp_1_U61           |     |        | tmp_19                       | fcmp      | auto                   | 1       |
|    and_ln386_1_fu_1522_p2                    |     |        | and_ln386_1                  | and       | auto                   | 0       |
|    grp_fu_485_p2                             |     |        | icmp_ln383                   | seteq     | auto                   | 0       |
|    or_ln25_fu_636_p2                         |     |        | or_ln25                      | or        | auto                   | 0       |
|    icmp_ln25_fu_642_p2                       |     |        | icmp_ln25                    | seteq     | auto                   | 0       |
|    or_ln25_1_fu_648_p2                       |     |        | or_ln25_1                    | or        | auto                   | 0       |
|    icmp_ln25_1_fu_654_p2                     |     |        | icmp_ln25_1                  | seteq     | auto                   | 0       |
|    and_ln25_fu_1537_p2                       |     |        | and_ln25                     | and       | auto                   | 0       |
|    icmp_ln18_fu_660_p2                       |     |        | icmp_ln18                    | seteq     | auto                   | 0       |
|    icmp_ln18_1_fu_1563_p2                    |     |        | icmp_ln18_1                  | setne     | auto                   | 0       |
|    and_ln18_fu_1568_p2                       |     |        | and_ln18                     | and       | auto                   | 0       |
|    icmp_ln18_2_fu_666_p2                     |     |        | icmp_ln18_2                  | seteq     | auto                   | 0       |
|    icmp_ln18_3_fu_672_p2                     |     |        | icmp_ln18_3                  | setne     | auto                   | 0       |
|    and_ln18_1_fu_1573_p2                     |     |        | and_ln18_1                   | and       | auto                   | 0       |
|    ymaggreater_fu_678_p2                     |     |        | ymaggreater                  | setlt     | auto                   | 0       |
|    xor_ln39_fu_684_p2                        |     |        | xor_ln39                     | xor       | auto                   | 0       |
|    select_ln39_fu_690_p3                     |     |        | select_ln39                  | select    | auto_sel               | 0       |
|    ymaggreater_1_fu_698_p3                   |     |        | ymaggreater_1                | select    | auto_sel               | 0       |
|    res_31_fu_1718_p6                         |     |        | res_29                       | select    | auto_sel               | 0       |
|    res_31_fu_1718_p8                         |     |        | res_30                       | select    | auto_sel               | 0       |
|    and_ln25_1_fu_1541_p2                     |     |        | and_ln25_1                   | and       | auto                   | 0       |
|    xor_ln25_fu_1545_p2                       |     |        | xor_ln25                     | xor       | auto                   | 0       |
|    and_ln25_2_fu_1551_p2                     |     |        | and_ln25_2                   | and       | auto                   | 0       |
|    and_ln18_2_fu_1609_p2                     |     |        | and_ln18_2                   | and       | auto                   | 0       |
|    and_ln18_3_fu_1615_p2                     |     |        | and_ln18_3                   | and       | auto                   | 0       |
|    or_ln25_2_fu_1557_p2                      |     |        | or_ln25_2                    | or        | auto                   | 0       |
|    xor_ln25_1_fu_1620_p2                     |     |        | xor_ln25_1                   | xor       | auto                   | 0       |
|    and_ln18_4_fu_1625_p2                     |     |        | and_ln18_4                   | and       | auto                   | 0       |
|    and_ln18_5_fu_1631_p2                     |     |        | and_ln18_5                   | and       | auto                   | 0       |
|    and_ln18_6_fu_1637_p2                     |     |        | and_ln18_6                   | and       | auto                   | 0       |
|    xor_ln18_fu_1642_p2                       |     |        | xor_ln18                     | xor       | auto                   | 0       |
|    and_ln18_7_fu_1648_p2                     |     |        | and_ln18_7                   | and       | auto                   | 0       |
|    and_ln18_8_fu_1653_p2                     |     |        | and_ln18_8                   | and       | auto                   | 0       |
|    xor_ln18_1_fu_1657_p2                     |     |        | xor_ln18_1                   | xor       | auto                   | 0       |
|    and_ln18_9_fu_1663_p2                     |     |        | and_ln18_9                   | and       | auto                   | 0       |
|    or_ln18_fu_1669_p2                        |     |        | or_ln18                      | or        | auto                   | 0       |
|    or_ln18_1_fu_1674_p2                      |     |        | or_ln18_1                    | or        | auto                   | 0       |
|    xor_ln18_2_fu_1680_p2                     |     |        | xor_ln18_2                   | xor       | auto                   | 0       |
|    xor_ln18_3_fu_1686_p2                     |     |        | xor_ln18_3                   | xor       | auto                   | 0       |
|    or_ln18_2_fu_1692_p2                      |     |        | or_ln18_2                    | or        | auto                   | 0       |
|    and_ln18_10_fu_1698_p2                    |     |        | and_ln18_10                  | and       | auto                   | 0       |
|    sparsemux_13_5_32_1_1_U71                 |     |        | res_31                       | sparsemux | onehotencoding_realdef | 0       |
|    xor_ln376_fu_1759_p2                      |     |        | xor_ln376                    | xor       | auto                   | 0       |
|    xor_ln377_fu_714_p2                       |     |        | xor_ln377                    | xor       | auto                   | 0       |
|    icmp_ln374_fu_1779_p2                     |     |        | icmp_ln374                   | seteq     | auto                   | 0       |
|    icmp_ln374_1_fu_1784_p2                   |     |        | icmp_ln374_1                 | seteq     | auto                   | 0       |
|    grp_fu_485_p2                             |     |        | icmp_ln374_2                 | seteq     | auto                   | 0       |
|    sparsemux_9_3_32_1_1_U72                  |     |        | sign_3                       | sparsemux | onehotencoding_realdef | 0       |
|    or_ln379_fu_1827_p2                       |     |        | or_ln379                     | or        | auto                   | 0       |
|    fsqrt_32ns_32ns_32_8_no_dsp_1_U65         |     |        | tmp                          | fsqrt     | fabric                 | 7       |
|    fdiv_32ns_32ns_32_9_no_dsp_1_U58          |     |        | div                          | fdiv      | fabric                 | 8       |
|    fmul_32ns_32ns_32_3_max_dsp_1_U57         | 3   |        | mul                          | fmul      | maxdsp                 | 2       |
|    faddfsub_32ns_32ns_32_4_full_dsp_1_U56    | 2   |        | sub                          | fsub      | fulldsp                | 3       |
|    faddfsub_32ns_32ns_32_4_full_dsp_1_U56    | 2   |        | add                          | fsub      | fulldsp                | 3       |
|  + expand                                    | 0   |        |                              |           |                        |         |
|    icmp_ln254_fu_540_p2                      |     |        | icmp_ln254                   | seteq     | auto                   | 0       |
|    grp_fu_328_p2                             |     |        | icmp_ln255                   | seteq     | auto                   | 0       |
|    or_ln262_fu_576_p2                        |     |        | or_ln262                     | or        | auto                   | 0       |
|    icmp_ln262_fu_582_p2                      |     |        | icmp_ln262                   | seteq     | auto                   | 0       |
|    grp_fu_328_p2                             |     |        | icmp_ln241                   | seteq     | auto                   | 0       |
|    grp_fu_328_p2                             |     |        | icmp_ln233                   | seteq     | auto                   | 0       |
|    icmp_ln144_fu_942_p2                      |     |        | icmp_ln144                   | seteq     | auto                   | 0       |
|    icmp_ln151_fu_977_p2                      |     |        | icmp_ln151                   | seteq     | auto                   | 0       |
|    icmp_ln78_fu_1266_p2                      |     |        | icmp_ln78                    | seteq     | auto                   | 0       |
|  + read_operand                              | 0   |        |                              |           |                        |         |
|    icmp_ln262_fu_109_p2                      |     |        | icmp_ln262                   | seteq     | auto                   | 0       |
|    xor_ln266_fu_128_p2                       |     |        | xor_ln266                    | xor       | auto                   | 0       |
|    or_ln271_fu_133_p2                        |     |        | or_ln271                     | or        | auto                   | 0       |
|    or_ln271_1_fu_138_p2                      |     |        | or_ln271_1                   | or        | auto                   | 0       |
|    or_ln266_fu_144_p2                        |     |        | or_ln266                     | or        | auto                   | 0       |
|    xor_ln266_1_fu_148_p2                     |     |        | xor_ln266_1                  | xor       | auto                   | 0       |
|    xor_ln271_fu_154_p2                       |     |        | xor_ln271                    | xor       | auto                   | 0       |
|    and_ln271_fu_160_p2                       |     |        | and_ln271                    | and       | auto                   | 0       |
|    or_ln271_2_fu_165_p2                      |     |        | or_ln271_2                   | or        | auto                   | 0       |
|    sparsemux_7_2_32_1_1_U96                  |     |        | agg_result_val               | sparsemux | onehotencoding_realdef | 0       |
|    agg_result_tag_0_fu_197_p3                |     |        | agg_result_tag_0             | select    | auto_sel               | 0       |
|  + read_operand_fp                           | 0   |        |                              |           |                        |         |
|    xor_ln284_fu_120_p2                       |     |        | xor_ln284                    | xor       | auto                   | 0       |
|    or_ln289_fu_125_p2                        |     |        | or_ln289                     | or        | auto                   | 0       |
|    and_ln289_fu_131_p2                       |     |        | and_ln289                    | and       | auto                   | 0       |
|    sparsemux_7_2_32_1_1_U103                 |     |        | op_val                       | sparsemux | onehotencoding_realdef | 0       |
|    op_tag_fu_163_p3                          |     |        | op_tag                       | select    | auto_sel               | 0       |
|  + rv32_ooo_tick_Pipeline_VITIS_LOOP_872_10  | 0   |        |                              |           |                        |         |
|    icmp_ln873_fu_85_p2                       |     |        | icmp_ln873                   | seteq     | auto                   | 0       |
|    select_ln873_fu_91_p3                     |     |        | select_ln873                 | select    | auto_sel               | 0       |
|    free_alu_1_fu_105_p3                      |     |        | free_alu_1                   | select    | auto_sel               | 0       |
|    add_ln872_fu_113_p2                       |     |        | add_ln872                    | add       | fabric                 | 0       |
|  + rv32_ooo_tick_Pipeline_VITIS_LOOP_1129_11 | 0   |        |                              |           |                        |         |
|    icmp_ln1129_fu_73_p2                      |     |        | icmp_ln1129                  | seteq     | auto                   | 0       |
|    add_ln1129_fu_79_p2                       |     |        | add_ln1129                   | add       | fabric                 | 0       |
|  + rv32_ooo_tick_Pipeline_VITIS_LOOP_575_4   | 0   |        |                              |           |                        |         |
|    icmp_ln575_fu_54_p2                       |     |        | icmp_ln575                   | seteq     | auto                   | 0       |
|    add_ln575_fu_60_p2                        |     |        | add_ln575                    | add       | fabric                 | 0       |
|  + rv32_ooo_tick_Pipeline_VITIS_LOOP_579_5   | 0   |        |                              |           |                        |         |
|    icmp_ln579_fu_73_p2                       |     |        | icmp_ln579                   | seteq     | auto                   | 0       |
|    add_ln579_fu_79_p2                        |     |        | add_ln579                    | add       | fabric                 | 0       |
+----------------------------------------------+-----+--------+------------------------------+-----------+------------------------+---------+


================================================================
== Storage Report
================================================================
+-------------------------------+-----------+-----------+------+------+--------+--------------------------+------+---------+------------------+
| Name                          | Usage     | Type      | BRAM | URAM | Pragma | Variable                 | Impl | Latency | Bitwidth, Depth, |
|                               |           |           |      |      |        |                          |      |         | Banks            |
+-------------------------------+-----------+-----------+------+------+--------+--------------------------+------+---------+------------------+
| + rv32_ooo_tick               |           |           | 6    | 0    |        |                          |      |         |                  |
|   control_s_axi_U             | interface | s_axilite |      |      |        |                          |      |         |                  |
|   vregs_U                     | ram_t2p   |           | 2    |      |        | vregs                    | auto | 1       | 32, 128, 1       |
|   rob_valid_U                 | ram_t2p   |           |      |      |        | rob_valid                | auto | 1       | 1, 8, 1          |
|   rob_ready_U                 | ram_t2p   |           |      |      |        | rob_ready                | auto | 1       | 1, 8, 1          |
|   rob_is_ecall_U              | ram_1p    |           |      |      |        | rob_is_ecall             | auto | 1       | 1, 8, 1          |
|   rob_is_store_U              | ram_t2p   |           |      |      |        | rob_is_store             | auto | 1       | 1, 8, 1          |
|   rob_addr_U                  | ram_t2p   |           |      |      |        | rob_addr                 | auto | 1       | 8, 8, 1          |
|   rob_sdata_U                 | ram_t2p   |           |      |      |        | rob_sdata                | auto | 1       | 32, 8, 1         |
|   rob_mem_f3_U                | ram_t2p   |           |      |      |        | rob_mem_f3               | auto | 1       | 3, 8, 1          |
|   rob_dest_is_fp_U            | ram_t2p   |           |      |      |        | rob_dest_is_fp           | auto | 1       | 1, 8, 1          |
|   rob_dest_U                  | ram_t2p   |           |      |      |        | rob_dest                 | auto | 1       | 5, 8, 1          |
|   rob_value_U                 | ram_t2p   |           |      |      |        | rob_value                | auto | 1       | 32, 8, 1         |
|   fregs_U                     | ram_t2p   |           | 2    |      |        | fregs                    | auto | 1       | 32, 32, 1        |
|   frat_has_tag_U              | ram_t2p   |           |      |      |        | frat_has_tag             | auto | 1       | 1, 32, 1         |
|   frat_tag_U                  | ram_t2p   |           |      |      |        | frat_tag                 | auto | 1       | 3, 32, 1         |
|   regfile_U                   | ram_t2p   |           | 2    |      |        | regfile                  | auto | 1       | 32, 32, 1        |
|   rat_has_tag_U               | ram_t2p   |           |      |      |        | rat_has_tag              | auto | 1       | 1, 32, 1         |
|   rat_tag_U                   | ram_t2p   |           |      |      |        | rat_tag                  | auto | 1       | 3, 32, 1         |
|  + fpu_compute                |           |           | 0    | 0    |        |                          |      |         |                  |
|    mask_table_U               | rom_1p    |           |      |      |        | mask_table               | auto | 1       | 23, 32, 1        |
|    one_half_minus_one_table_U | rom_1p    |           |      |      |        | one_half_minus_one_table | auto | 1       | 23, 32, 1        |
|    index_table_U              | rom_1p    |           |      |      |        | index_table              | auto | 1       | 6, 32, 1         |
+-------------------------------+-----------+-----------+------+------+--------+--------------------------+------+---------+------------------+


================================================================
== Pragma Report
================================================================
* Valid Pragma Syntax
+-----------+--------------------------------------+-------------------------------------------------+
| Type      | Options                              | Location                                        |
+-----------+--------------------------------------+-------------------------------------------------+
| unroll    |                                      | rv32_ooo.cpp:179 in cdb_broadcast               |
| unroll    |                                      | rv32_ooo.cpp:416 in vec_arith_compute           |
| interface | bram port=imem                       | rv32_ooo.cpp:505 in rv32_ooo_tick, imem         |
| interface | bram port=dmem                       | rv32_ooo.cpp:506 in rv32_ooo_tick, dmem         |
| interface | bram port=vregs_out                  | rv32_ooo.cpp:507 in rv32_ooo_tick, vregs_out    |
| interface | ap_none port=reset                   | rv32_ooo.cpp:508 in rv32_ooo_tick, reset        |
| interface | ap_none port=disp_valid              | rv32_ooo.cpp:509 in rv32_ooo_tick, disp_valid   |
| interface | ap_none port=disp_tag                | rv32_ooo.cpp:510 in rv32_ooo_tick, disp_tag     |
| interface | ap_none port=disp_pc                 | rv32_ooo.cpp:511 in rv32_ooo_tick, disp_pc      |
| interface | ap_none port=alu0_done               | rv32_ooo.cpp:512 in rv32_ooo_tick, alu0_done    |
| interface | ap_none port=alu0_tag                | rv32_ooo.cpp:513 in rv32_ooo_tick, alu0_tag     |
| interface | ap_none port=alu1_done               | rv32_ooo.cpp:514 in rv32_ooo_tick, alu1_done    |
| interface | ap_none port=alu1_tag                | rv32_ooo.cpp:515 in rv32_ooo_tick, alu1_tag     |
| interface | ap_none port=md_done                 | rv32_ooo.cpp:516 in rv32_ooo_tick, md_done      |
| interface | ap_none port=md_tag                  | rv32_ooo.cpp:517 in rv32_ooo_tick, md_tag       |
| interface | ap_none port=fpu_done                | rv32_ooo.cpp:518 in rv32_ooo_tick, fpu_done     |
| interface | ap_none port=fpu_tag                 | rv32_ooo.cpp:519 in rv32_ooo_tick, fpu_tag      |
| interface | ap_none port=lsu_done                | rv32_ooo.cpp:520 in rv32_ooo_tick, lsu_done     |
| interface | ap_none port=lsu_tag                 | rv32_ooo.cpp:521 in rv32_ooo_tick, lsu_tag      |
| interface | ap_none port=br_done                 | rv32_ooo.cpp:522 in rv32_ooo_tick, br_done      |
| interface | ap_none port=br_tag                  | rv32_ooo.cpp:523 in rv32_ooo_tick, br_tag       |
| interface | ap_none port=vec_done                | rv32_ooo.cpp:524 in rv32_ooo_tick, vec_done     |
| interface | ap_none port=vec_tag                 | rv32_ooo.cpp:525 in rv32_ooo_tick, vec_tag      |
| interface | ap_none port=commit_valid            | rv32_ooo.cpp:526 in rv32_ooo_tick, commit_valid |
| interface | ap_none port=commit_is_fp            | rv32_ooo.cpp:527 in rv32_ooo_tick, commit_is_fp |
| interface | ap_none port=commit_rd               | rv32_ooo.cpp:528 in rv32_ooo_tick, commit_rd    |
| interface | ap_none port=commit_value            | rv32_ooo.cpp:529 in rv32_ooo_tick, commit_value |
| interface | ap_none port=halted                  | rv32_ooo.cpp:530 in rv32_ooo_tick, halted       |
| interface | s_axilite port=return bundle=control | rv32_ooo.cpp:531 in rv32_ooo_tick, return       |
| unroll    |                                      | rv32_ooo.cpp:546 in rv32_ooo_tick               |
| unroll    |                                      | rv32_ooo.cpp:555 in rv32_ooo_tick               |
| unroll    |                                      | rv32_ooo.cpp:563 in rv32_ooo_tick               |
| unroll    |                                      | rv32_ooo.cpp:621 in rv32_ooo_tick               |
| unroll    |                                      | rv32_ooo.cpp:723 in rv32_ooo_tick               |
| unroll    |                                      | rv32_ooo.cpp:729 in rv32_ooo_tick               |
| unroll    |                                      | rv32_ooo.cpp:766 in rv32_ooo_tick               |
+-----------+--------------------------------------+-------------------------------------------------+


